\BOOKMARK [0][-]{chapter.1}{\376\377\000E\000t\000h\000i\000c\000s\000\040\000a\000n\000d\000\040\000H\000u\000m\000a\000n\000\040\000I\000n\000t\000e\000r\000f\000a\000c\000e}{}% 1
\BOOKMARK [1][-]{section.1.1}{\376\377\000V\000a\000l\000u\000e\000s}{chapter.1}% 2
\BOOKMARK [2][-]{subsection.1.1.1}{\376\377\000M\000e\000a\000n\000i\000n\000g\000\040\000o\000f\000\040\000V\000a\000l\000u\000e\000s}{section.1.1}% 3
\BOOKMARK [2][-]{subsection.1.1.2}{\376\377\000T\000y\000p\000e\000s\000\040\000o\000f\000\040\000V\000a\000l\000u\000e\000s\000\040\040\024\000\040\000M\000o\000r\000a\000l\000,\000\040\000I\000m\000m\000o\000r\000a\000l\000\040\000a\000n\000d\000\040\000A\000m\000o\000r\000a\000l}{section.1.1}% 4
\BOOKMARK [2][-]{subsection.1.1.3}{\376\377\000R\000e\000l\000a\000t\000i\000v\000e\000\040\000H\000i\000e\000r\000a\000r\000c\000h\000y\000\040\000o\000f\000\040\000V\000a\000l\000u\000e\000s}{section.1.1}% 5
\BOOKMARK [2][-]{subsection.1.1.4}{\376\377\000E\000t\000h\000i\000c\000a\000l\000\040\000D\000i\000l\000e\000m\000m\000a\000s\000\040\000A\000r\000i\000s\000i\000n\000g\000\040\000f\000r\000o\000m\000\040\000V\000a\000l\000u\000e\000\040\000C\000o\000n\000f\000l\000i\000c\000t}{section.1.1}% 6
\BOOKMARK [1][-]{section.1.2}{\376\377\000C\000o\000l\000l\000e\000c\000t\000i\000v\000e\000\040\000V\000a\000l\000u\000e\000s}{chapter.1}% 7
\BOOKMARK [2][-]{subsection.1.2.1}{\376\377\000F\000a\000m\000i\000l\000y\000\040\000V\000a\000l\000u\000e\000s}{section.1.2}% 8
\BOOKMARK [2][-]{subsection.1.2.2}{\376\377\000S\000o\000c\000i\000e\000t\000a\000l\000\040\000V\000a\000l\000u\000e\000s}{section.1.2}% 9
\BOOKMARK [2][-]{subsection.1.2.3}{\376\377\000C\000o\000n\000s\000t\000i\000t\000u\000t\000i\000o\000n\000a\000l\000\040\000V\000a\000l\000u\000e\000s}{section.1.2}% 10
\BOOKMARK [2][-]{subsection.1.2.4}{\376\377\000O\000r\000g\000a\000n\000i\000z\000a\000t\000i\000o\000n\000a\000l\000\040\000\046\000\040\000P\000r\000o\000f\000e\000s\000s\000i\000o\000n\000a\000l\000\040\000V\000a\000l\000u\000e\000s}{section.1.2}% 11
\BOOKMARK [1][-]{section.1.3}{\376\377\000M\000e\000a\000n\000i\000n\000g\000\040\000o\000f\000\040\000E\000t\000h\000i\000c\000s}{chapter.1}% 12
\BOOKMARK [2][-]{subsection.1.3.1}{\376\377\000S\000o\000u\000r\000c\000e\000s\000\040\000o\000f\000\040\000E\000t\000h\000i\000c\000s}{section.1.3}% 13
\BOOKMARK [1][-]{section.1.4}{\376\377\000E\000t\000h\000i\000c\000s\000\040\000v\000s\000\040\000M\000o\000r\000a\000l\000s}{chapter.1}% 14
\BOOKMARK [2][-]{subsection.1.4.1}{\376\377\000W\000h\000e\000n\000\040\000E\000t\000h\000i\000c\000s\000\040\000a\000n\000d\000\040\000M\000o\000r\000a\000l\000s\000\040\000C\000o\000n\000f\000l\000i\000c\000t}{section.1.4}% 15
\BOOKMARK [1][-]{section.1.5}{\376\377\000E\000t\000h\000i\000c\000s\000\040\000v\000s\000\040\000L\000a\000w}{chapter.1}% 16
\BOOKMARK [2][-]{subsection.1.5.1}{\376\377\000L\000e\000g\000a\000l\000\040\000b\000u\000t\000\040\000U\000n\000e\000t\000h\000i\000c\000a\000l}{section.1.5}% 17
\BOOKMARK [2][-]{subsection.1.5.2}{\376\377\000I\000l\000l\000e\000g\000a\000l\000\040\000b\000u\000t\000\040\000E\000t\000h\000i\000c\000a\000l}{section.1.5}% 18
\BOOKMARK [2][-]{subsection.1.5.3}{\376\377\000R\000i\000g\000h\000t\000\040\000v\000s\000\040\000R\000i\000g\000h\000t}{section.1.5}% 19
\BOOKMARK [1][-]{section.1.6}{\376\377\000C\000o\000n\000s\000t\000i\000t\000u\000t\000i\000o\000n\000a\000l\000\040\000M\000o\000r\000a\000l\000i\000t\000y}{chapter.1}% 20
\BOOKMARK [1][-]{section.1.7}{\376\377\000D\000e\000t\000e\000r\000m\000i\000n\000a\000n\000t\000s\000\040\000o\000f\000\040\000E\000t\000h\000i\000c\000s}{chapter.1}% 21
\BOOKMARK [2][-]{subsection.1.7.1}{\376\377\000I\000n\000s\000t\000i\000t\000u\000t\000i\000o\000n\000a\000l\000\040\000\046\000\040\000H\000u\000m\000a\000n\000\040\000D\000e\000t\000e\000r\000m\000i\000n\000a\000n\000t\000s}{section.1.7}% 22
\BOOKMARK [2][-]{subsection.1.7.2}{\376\377\000T\000e\000c\000h\000n\000o\000l\000o\000g\000y\000\040\000a\000s\000\040\000a\000\040\000D\000e\000t\000e\000r\000m\000i\000n\000a\000n\000t}{section.1.7}% 23
\BOOKMARK [2][-]{subsection.1.7.3}{\376\377\000E\000c\000o\000n\000o\000m\000i\000c\000\040\000\046\000\040\000G\000l\000o\000b\000a\000l\000\040\000D\000e\000t\000e\000r\000m\000i\000n\000a\000n\000t\000s}{section.1.7}% 24
\BOOKMARK [2][-]{subsection.1.7.4}{\376\377\000E\000v\000o\000l\000u\000t\000i\000o\000n\000\040\000o\000f\000\040\000N\000o\000r\000m\000s\000\040\040\024\000\040\000T\000h\000e\000\040\000C\000o\000n\000c\000e\000p\000t\000\040\000o\000f\000\040\000J\000u\000s\000t\000i\000c\000e}{section.1.7}% 25
\BOOKMARK [2][-]{subsection.1.7.5}{\376\377\000C\000h\000a\000n\000g\000i\000n\000g\000\040\000C\000o\000n\000t\000e\000x\000t\000\040\000M\000u\000s\000t\000\040\000B\000e\000\040\000U\000n\000d\000e\000r\000\040\000C\000o\000n\000s\000t\000a\000n\000t\000\040\000S\000c\000r\000u\000t\000i\000n\000y}{section.1.7}% 26
\BOOKMARK [0][-]{chapter.2}{\376\377\000C\000o\000n\000s\000e\000q\000u\000e\000n\000c\000e\000s\000\040\000o\000f\000\040\000E\000t\000h\000i\000c\000s\000\040\000a\000n\000d\000\040\000A\000p\000p\000l\000i\000e\000d\000\040\000E\000t\000h\000i\000c\000s}{}% 27
\BOOKMARK [1][-]{section.2.1}{\376\377\000C\000o\000n\000s\000e\000q\000u\000e\000n\000c\000e\000s\000\040\000o\000f\000\040\000E\000t\000h\000i\000c\000s}{chapter.2}% 28
\BOOKMARK [2][-]{subsection.2.1.1}{\376\377\000W\000h\000y\000\040\000I\000n\000d\000i\000v\000i\000d\000u\000a\000l\000s\000\040\000S\000h\000o\000u\000l\000d\000\040\000B\000e\000\040\000E\000t\000h\000i\000c\000a\000l}{section.2.1}% 29
\BOOKMARK [2][-]{subsection.2.1.2}{\376\377\000W\000h\000y\000\040\000O\000r\000g\000a\000n\000i\000s\000a\000t\000i\000o\000n\000s\000\040\000S\000h\000o\000u\000l\000d\000\040\000B\000e\000\040\000E\000t\000h\000i\000c\000a\000l}{section.2.1}% 30
\BOOKMARK [2][-]{subsection.2.1.3}{\376\377\000W\000h\000y\000\040\000S\000o\000c\000i\000e\000t\000y\000\040\000S\000h\000o\000u\000l\000d\000\040\000B\000e\000\040\000E\000t\000h\000i\000c\000a\000l}{section.2.1}% 31
\BOOKMARK [1][-]{section.2.2}{\376\377\000D\000i\000m\000e\000n\000s\000i\000o\000n\000s\000\040\000o\000f\000\040\000E\000t\000h\000i\000c\000s}{chapter.2}% 32
\BOOKMARK [2][-]{subsection.2.2.1}{\376\377\000N\000o\000r\000m\000a\000t\000i\000v\000e\000\040\000\050\000T\000h\000e\000o\000r\000e\000t\000i\000c\000a\000l\000\051\000\040\000D\000i\000m\000e\000n\000s\000i\000o\000n}{section.2.2}% 33
\BOOKMARK [2][-]{subsection.2.2.2}{\376\377\000A\000p\000p\000l\000i\000e\000d\000\040\000\050\000P\000r\000a\000c\000t\000i\000c\000a\000l\000\051\000\040\000D\000i\000m\000e\000n\000s\000i\000o\000n}{section.2.2}% 34
\BOOKMARK [1][-]{section.2.3}{\376\377\000E\000t\000h\000i\000c\000a\000l\000\040\000R\000e\000l\000a\000t\000i\000v\000i\000s\000m\000\040\000a\000n\000d\000\040\000E\000t\000h\000i\000c\000a\000l\000\040\000A\000b\000s\000o\000l\000u\000t\000i\000s\000m}{chapter.2}% 35
\BOOKMARK [2][-]{subsection.2.3.1}{\376\377\000E\000t\000h\000i\000c\000a\000l\000\040\000R\000e\000l\000a\000t\000i\000v\000i\000s\000m}{section.2.3}% 36
\BOOKMARK [2][-]{subsection.2.3.2}{\376\377\000E\000t\000h\000i\000c\000a\000l\000\040\000A\000b\000s\000o\000l\000u\000t\000i\000s\000m}{section.2.3}% 37
\BOOKMARK [2][-]{subsection.2.3.3}{\376\377\000R\000e\000c\000o\000n\000c\000i\000l\000i\000n\000g\000\040\000R\000e\000l\000a\000t\000i\000v\000i\000s\000m\000\040\000a\000n\000d\000\040\000A\000b\000s\000o\000l\000u\000t\000i\000s\000m}{section.2.3}% 38
\BOOKMARK [1][-]{section.2.4}{\376\377\000E\000n\000v\000i\000r\000o\000n\000m\000e\000n\000t\000a\000l\000\040\000E\000t\000h\000i\000c\000s\000\040\000\050\000A\000p\000p\000l\000i\000e\000d\000\040\000E\000t\000h\000i\000c\000s\000\051}{chapter.2}% 39
\BOOKMARK [2][-]{subsection.2.4.1}{\376\377\000S\000h\000a\000l\000l\000o\000w\000\040\000E\000c\000o\000l\000o\000g\000y\000\040\000v\000s\000\040\000D\000e\000e\000p\000\040\000E\000c\000o\000l\000o\000g\000y}{section.2.4}% 40
\BOOKMARK [2][-]{subsection.2.4.2}{\376\377\000E\000c\000o\000c\000e\000n\000t\000r\000i\000s\000m}{section.2.4}% 41
\BOOKMARK [2][-]{subsection.2.4.3}{\376\377\000K\000e\000y\000\040\000P\000r\000i\000n\000c\000i\000p\000l\000e\000s\000\040\000o\000f\000\040\000E\000n\000v\000i\000r\000o\000n\000m\000e\000n\000t\000a\000l\000\040\000E\000t\000h\000i\000c\000s}{section.2.4}% 42
\BOOKMARK [1][-]{section.2.5}{\376\377\000T\000e\000c\000h\000n\000o\000l\000o\000g\000y\000\040\000E\000t\000h\000i\000c\000s\000\040\000\050\000A\000p\000p\000l\000i\000e\000d\000\040\000E\000t\000h\000i\000c\000s\000\051}{chapter.2}% 43
\BOOKMARK [2][-]{subsection.2.5.1}{\376\377\000K\000e\000y\000\040\000P\000r\000i\000n\000c\000i\000p\000l\000e\000s\000\040\000o\000f\000\040\000T\000e\000c\000h\000n\000o\000l\000o\000g\000y\000\040\000E\000t\000h\000i\000c\000s}{section.2.5}% 44
\BOOKMARK [2][-]{subsection.2.5.2}{\376\377\000C\000h\000a\000l\000l\000e\000n\000g\000e\000s\000\040\000o\000f\000\040\000T\000e\000c\000h\000n\000o\000l\000o\000g\000y\000\040\000i\000n\000\040\000A\000d\000m\000i\000n\000i\000s\000t\000r\000a\000t\000i\000o\000n}{section.2.5}% 45
\BOOKMARK [1][-]{section.2.6}{\376\377\000M\000e\000d\000i\000a\000\040\000E\000t\000h\000i\000c\000s\000\040\000\050\000A\000p\000p\000l\000i\000e\000d\000\040\000E\000t\000h\000i\000c\000s\000\051}{chapter.2}% 46
\BOOKMARK [2][-]{subsection.2.6.1}{\376\377\000K\000e\000y\000\040\000P\000r\000i\000n\000c\000i\000p\000l\000e\000s\000\040\000o\000f\000\040\000M\000e\000d\000i\000a\000\040\000E\000t\000h\000i\000c\000s}{section.2.6}% 47
\BOOKMARK [1][-]{section.2.7}{\376\377\000E\000t\000h\000i\000c\000s\000\040\000i\000n\000\040\000P\000u\000b\000l\000i\000c\000\040\000a\000n\000d\000\040\000P\000r\000i\000v\000a\000t\000e\000\040\000R\000e\000l\000a\000t\000i\000o\000n\000s\000h\000i\000p\000s}{chapter.2}% 48
\BOOKMARK [2][-]{subsection.2.7.1}{\376\377\000D\000i\000s\000t\000i\000n\000c\000t\000i\000o\000n\000\040\000B\000e\000t\000w\000e\000e\000n\000\040\000P\000u\000b\000l\000i\000c\000\040\000a\000n\000d\000\040\000P\000r\000i\000v\000a\000t\000e\000\040\000R\000e\000l\000a\000t\000i\000o\000n\000s\000h\000i\000p}{section.2.7}% 49
\BOOKMARK [2][-]{subsection.2.7.2}{\376\377\000R\000o\000l\000e\000\040\000o\000f\000\040\000T\000r\000a\000d\000i\000t\000i\000o\000n\000s\000\040\000i\000n\000\040\000P\000r\000i\000v\000a\000t\000e\000\040\000R\000e\000l\000a\000t\000i\000o\000n\000s\000h\000i\000p\000\040\000E\000t\000h\000i\000c\000s}{section.2.7}% 50
\BOOKMARK [2][-]{subsection.2.7.3}{\376\377\000W\000h\000y\000\040\000P\000r\000i\000v\000a\000t\000e\000\040\000R\000e\000l\000a\000t\000i\000o\000n\000s\000h\000i\000p\000s\000\040\000A\000r\000e\000\040\000M\000o\000r\000e\000\040\000I\000n\000f\000o\000r\000m\000a\000l}{section.2.7}% 51
\BOOKMARK [2][-]{subsection.2.7.4}{\376\377\000C\000o\000n\000s\000e\000q\000u\000e\000n\000c\000e\000s\000\040\000i\000n\000\040\000t\000h\000e\000\040\000C\000o\000n\000t\000e\000x\000t\000\040\000o\000f\000\040\000P\000u\000b\000l\000i\000c\000\040\000v\000s\000\040\000P\000r\000i\000v\000a\000t\000e}{section.2.7}% 52
\BOOKMARK [0][-]{chapter.3}{\376\377\000H\000u\000m\000a\000n\000\040\000V\000a\000l\000u\000e\000s\000\040\000a\000n\000d\000\040\000V\000a\000l\000u\000e\000\040\000I\000n\000c\000u\000l\000c\000a\000t\000i\000o\000n}{}% 53
\BOOKMARK [1][-]{section.3.1}{\376\377\000R\000e\000c\000a\000p\000:\000\040\000T\000e\000c\000h\000n\000o\000l\000o\000g\000y\000\040\000E\000t\000h\000i\000c\000s\000,\000\040\000M\000e\000d\000i\000a\000\040\000E\000t\000h\000i\000c\000s\000\040\000\046\000\040\000P\000u\000b\000l\000i\000c\000\040\000v\000s\000\040\000P\000r\000i\000v\000a\000t\000e\000\040\000R\000e\000l\000a\000t\000i\000o\000n\000s\000h\000i\000p\000s}{chapter.3}% 54
\BOOKMARK [2][-]{subsection.3.1.1}{\376\377\000T\000e\000c\000h\000n\000o\000l\000o\000g\000y\000\040\000E\000t\000h\000i\000c\000s}{section.3.1}% 55
\BOOKMARK [2][-]{subsection.3.1.2}{\376\377\000M\000e\000d\000i\000a\000\040\000E\000t\000h\000i\000c\000s}{section.3.1}% 56
\BOOKMARK [2][-]{subsection.3.1.3}{\376\377\000E\000t\000h\000i\000c\000s\000\040\000i\000n\000\040\000P\000u\000b\000l\000i\000c\000\040\000v\000s\000\040\000P\000r\000i\000v\000a\000t\000e\000\040\000R\000e\000l\000a\000t\000i\000o\000n\000s\000h\000i\000p\000s}{section.3.1}% 57
\BOOKMARK [1][-]{section.3.2}{\376\377\000E\000t\000h\000i\000c\000a\000l\000\040\000S\000t\000a\000n\000d\000a\000r\000d\000s\000\040\000i\000n\000\040\000P\000u\000b\000l\000i\000c\000\040\000R\000e\000l\000a\000t\000i\000o\000n\000s\000h\000i\000p\000s\000\040\000\050\000N\000o\000l\000a\000n\000\040\000C\000o\000m\000m\000i\000t\000t\000e\000e\000\040\000P\000r\000i\000n\000c\000i\000p\000l\000e\000s\000\051}{chapter.3}% 58
\BOOKMARK [2][-]{subsection.3.2.1}{\376\377\000S\000e\000l\000f\000l\000e\000s\000s\000n\000e\000s\000s}{section.3.2}% 59
\BOOKMARK [2][-]{subsection.3.2.2}{\376\377\000I\000n\000t\000e\000g\000r\000i\000t\000y}{section.3.2}% 60
\BOOKMARK [2][-]{subsection.3.2.3}{\376\377\000D\000i\000g\000n\000i\000t\000y\000\040\000a\000n\000d\000\040\000C\000o\000m\000p\000a\000s\000s\000i\000o\000n}{section.3.2}% 61
\BOOKMARK [2][-]{subsection.3.2.4}{\376\377\000L\000e\000a\000d\000e\000r\000s\000h\000i\000p}{section.3.2}% 62
\BOOKMARK [1][-]{section.3.3}{\376\377\000E\000t\000h\000i\000c\000a\000l\000\040\000S\000t\000a\000n\000d\000a\000r\000d\000s\000\040\000i\000n\000\040\000P\000r\000i\000v\000a\000t\000e\000\040\000R\000e\000l\000a\000t\000i\000o\000n\000s\000h\000i\000p\000s}{chapter.3}% 63
\BOOKMARK [2][-]{subsection.3.3.1}{\376\377\000L\000o\000v\000e\000\040\000a\000n\000d\000\040\000F\000i\000d\000e\000l\000i\000t\000y}{section.3.3}% 64
\BOOKMARK [2][-]{subsection.3.3.2}{\376\377\000R\000e\000s\000p\000o\000n\000s\000i\000b\000i\000l\000i\000t\000y}{section.3.3}% 65
\BOOKMARK [2][-]{subsection.3.3.3}{\376\377\000D\000i\000g\000n\000i\000t\000y\000\040\000i\000n\000\040\000P\000r\000i\000v\000a\000t\000e\000\040\000R\000e\000l\000a\000t\000i\000o\000n\000s\000h\000i\000p\000s}{section.3.3}% 66
\BOOKMARK [2][-]{subsection.3.3.4}{\376\377\000T\000r\000a\000d\000i\000t\000i\000o\000n\000s\000\040\000\046\000\040\000C\000u\000s\000t\000o\000m\000s\000\040\000a\000n\000d\000\040\000R\000u\000l\000e\000\040\000o\000f\000\040\000L\000a\000w}{section.3.3}% 67
\BOOKMARK [2][-]{subsection.3.3.5}{\376\377\000C\000o\000m\000m\000o\000n\000a\000l\000i\000t\000i\000e\000s\000\040\000a\000n\000d\000\040\000D\000i\000f\000f\000e\000r\000e\000n\000c\000e\000s\000\040\000b\000e\000t\000w\000e\000e\000n\000\040\000P\000u\000b\000l\000i\000c\000\040\000\046\000\040\000P\000r\000i\000v\000a\000t\000e\000\040\000S\000t\000a\000n\000d\000a\000r\000d\000s}{section.3.3}% 68
\BOOKMARK [1][-]{section.3.4}{\376\377\000W\000h\000y\000\040\000E\000t\000h\000i\000c\000s\000\040\000i\000n\000\040\000P\000r\000i\000v\000a\000t\000e\000\040\000R\000e\000l\000a\000t\000i\000o\000n\000s\000h\000i\000p\000s\000\040\000M\000a\000t\000t\000e\000r\000s\000\040\000M\000o\000r\000e\000\040\000T\000o\000d\000a\000y}{chapter.3}% 69
\BOOKMARK [2][-]{subsection.3.4.1}{\376\377\000C\000o\000r\000e\000\040\000R\000e\000a\000s\000o\000n\000s}{section.3.4}% 70
\BOOKMARK [2][-]{subsection.3.4.2}{\376\377\000T\000h\000e\000\040\000C\000o\000n\000c\000e\000p\000t\000\040\000o\000f\000\040\000P\000i\000t\000r\000-\000r\000i\000n\000\040\000\050\000D\000e\000b\000t\000\040\000t\000o\000\040\000P\000a\000r\000e\000n\000t\000s\000\040\000/\000\040\000A\000n\000c\000e\000s\000t\000o\000r\000s\000\051}{section.3.4}% 71
\BOOKMARK [2][-]{subsection.3.4.3}{\376\377\000T\000h\000e\000\040\000F\000r\000a\000g\000i\000l\000i\000t\000y\000\040\000o\000f\000\040\000L\000i\000f\000e\000\040\040\024\000\040\000L\000e\000s\000s\000o\000n\000\040\000o\000n\000\040\000P\000r\000i\000o\000r\000i\000t\000i\000s\000i\000n\000g\000\040\000F\000a\000m\000i\000l\000y}{section.3.4}% 72
\BOOKMARK [1][-]{section.3.5}{\376\377\000I\000s\000\040\000a\000\040\000W\000a\000t\000e\000r\000t\000i\000g\000h\000t\000\040\000S\000e\000p\000a\000r\000a\000t\000i\000o\000n\000\040\000o\000f\000\040\000P\000u\000b\000l\000i\000c\000\040\000a\000n\000d\000\040\000P\000r\000i\000v\000a\000t\000e\000\040\000L\000i\000f\000e\000\040\000P\000o\000s\000s\000i\000b\000l\000e\000?}{chapter.3}% 73
\BOOKMARK [2][-]{subsection.3.5.1}{\376\377\000A\000r\000g\000u\000m\000e\000n\000t\000\040\0001\000\040\040\024\000\040\000V\000i\000r\000t\000u\000e\000\040\000E\000t\000h\000i\000c\000s\000\040\000\050\000`\000W\000e\000\040\000a\000r\000e\000\040\000w\000h\000a\000t\000\040\000w\000e\000\040\000r\000e\000p\000e\000a\000t\000e\000d\000l\000y\000\040\000d\000o\000'\000\051}{section.3.5}% 74
\BOOKMARK [2][-]{subsection.3.5.2}{\376\377\000A\000r\000g\000u\000m\000e\000n\000t\000\040\0002\000\040\040\024\000\040\000D\000i\000v\000e\000r\000g\000e\000n\000c\000e\000\040\000C\000r\000e\000a\000t\000e\000s\000\040\000a\000\040\000C\000r\000i\000s\000i\000s\000\040\000o\000f\000\040\000C\000r\000e\000d\000i\000b\000i\000l\000i\000t\000y}{section.3.5}% 75
\BOOKMARK [2][-]{subsection.3.5.3}{\376\377\000A\000r\000g\000u\000m\000e\000n\000t\000\040\0003\000\040\040\024\000\040\000H\000i\000g\000h\000e\000r\000\040\000S\000t\000a\000n\000d\000a\000r\000d\000s\000\040\000R\000e\000q\000u\000i\000r\000e\000d\000\040\000o\000f\000\040\000C\000i\000v\000i\000l\000\040\000S\000e\000r\000v\000a\000n\000t\000s}{section.3.5}% 76
\BOOKMARK [2][-]{subsection.3.5.4}{\376\377\000W\000h\000e\000r\000e\000\040\000t\000o\000\040\000D\000r\000a\000w\000\040\000t\000h\000e\000\040\000L\000i\000n\000e\000:\000\040\000D\000o\000\040\000P\000u\000b\000l\000i\000c\000\040\000O\000f\000f\000i\000c\000i\000a\000l\000s\000\040\000H\000a\000v\000e\000\040\000A\000n\000y\000\040\000P\000r\000i\000v\000a\000c\000y\000?}{section.3.5}% 77
\BOOKMARK [1][-]{section.3.6}{\376\377\000H\000u\000m\000a\000n\000\040\000V\000a\000l\000u\000e\000s}{chapter.3}% 78
\BOOKMARK [2][-]{subsection.3.6.1}{\376\377\000M\000e\000a\000n\000i\000n\000g\000\040\000o\000f\000\040\000H\000u\000m\000a\000n\000\040\000V\000a\000l\000u\000e\000s}{section.3.6}% 79
\BOOKMARK [2][-]{subsection.3.6.2}{\376\377\000C\000o\000n\000t\000r\000o\000l\000l\000i\000n\000g\000\040\000E\000m\000o\000t\000i\000o\000n\000s\000\040\000a\000n\000d\000\040\000D\000e\000s\000i\000r\000e\000s\000\040\040\024\000\040\000P\000l\000a\000t\000o\000'\000s\000\040\000C\000h\000a\000r\000i\000o\000t\000\040\000A\000n\000a\000l\000o\000g\000y}{section.3.6}% 80
\BOOKMARK [2][-]{subsection.3.6.3}{\376\377\000T\000y\000p\000e\000s\000\040\000o\000f\000\040\000V\000a\000l\000u\000e\000s\000:\000\040\000T\000e\000r\000m\000i\000n\000a\000l\000\040\000v\000s\000\040\000I\000n\000s\000t\000r\000u\000m\000e\000n\000t\000a\000l}{section.3.6}% 81
\BOOKMARK [1][-]{section.3.7}{\376\377\000I\000n\000c\000u\000l\000c\000a\000t\000i\000o\000n\000\040\000o\000f\000\040\000V\000a\000l\000u\000e\000s\000:\000\040\000W\000h\000y\000\040\000V\000a\000l\000u\000e\000s\000\040\000M\000u\000s\000t\000\040\000B\000e\000\040\000I\000n\000c\000u\000l\000c\000a\000t\000e\000d}{chapter.3}% 82
\BOOKMARK [2][-]{subsection.3.7.1}{\376\377\000T\000h\000e\000\040\000T\000a\000n\000k\000e\000r\000-\000L\000o\000o\000t\000i\000n\000g\000\040\000I\000l\000l\000u\000s\000t\000r\000a\000t\000i\000o\000n}{section.3.7}% 83
\BOOKMARK [2][-]{subsection.3.7.2}{\376\377\000E\000d\000u\000c\000a\000t\000i\000o\000n\000\040\000W\000i\000t\000h\000o\000u\000t\000\040\000V\000a\000l\000u\000e\000s\000\040\000\040\000`\000A\000\040\000C\000l\000e\000v\000e\000r\000\040\000D\000e\000v\000i\000l\000'}{section.3.7}% 84
\BOOKMARK [2][-]{subsection.3.7.3}{\376\377\000M\000a\000n\000y\000\040\000P\000r\000o\000b\000l\000e\000m\000s\000\040\000A\000r\000e\000\040\000S\000o\000c\000i\000e\000t\000a\000l\000,\000\040\000N\000o\000t\000\040\000M\000e\000r\000e\000l\000y\000\040\000L\000e\000g\000a\000l}{section.3.7}% 85
\BOOKMARK [1][-]{section.3.8}{\376\377\000R\000o\000l\000e\000\040\000o\000f\000\040\000F\000a\000m\000i\000l\000y\000\040\000i\000n\000\040\000V\000a\000l\000u\000e\000\040\000I\000n\000c\000u\000l\000c\000a\000t\000i\000o\000n}{chapter.3}% 86
\BOOKMARK [2][-]{subsection.3.8.1}{\376\377\000E\000x\000a\000m\000p\000l\000e\000s\000\040\000o\000f\000\040\000V\000a\000l\000u\000e\000s\000\040\000I\000n\000c\000u\000l\000c\000a\000t\000e\000d\000\040\000b\000y\000\040\000F\000a\000m\000i\000l\000y}{section.3.8}% 87
\BOOKMARK [2][-]{subsection.3.8.2}{\376\377\000V\000a\000l\000u\000e\000s\000\040\000f\000r\000o\000m\000\040\000J\000o\000i\000n\000t\000\040\000F\000a\000m\000i\000l\000i\000e\000s}{section.3.8}% 88
\BOOKMARK [2][-]{subsection.3.8.3}{\376\377\000H\000o\000w\000\040\000F\000a\000m\000i\000l\000i\000e\000s\000\040\000I\000n\000c\000u\000l\000c\000a\000t\000e\000\040\000V\000a\000l\000u\000e\000s\000\040\000\050\000M\000e\000c\000h\000a\000n\000i\000s\000m\000s\000\051}{section.3.8}% 89
\BOOKMARK [2][-]{subsection.3.8.4}{\376\377\000C\000r\000i\000t\000i\000c\000a\000l\000\040\000P\000e\000r\000s\000p\000e\000c\000t\000i\000v\000e\000\040\040\024\000\040\000W\000h\000y\000\040\000F\000a\000m\000i\000l\000i\000e\000s\000\040\000F\000a\000i\000l\000\040\000t\000o\000\040\000I\000n\000c\000u\000l\000c\000a\000t\000e\000\040\000V\000a\000l\000u\000e\000s\000\040\000\050\000C\000o\000n\000t\000e\000m\000p\000o\000r\000a\000r\000y\000\040\000F\000a\000c\000t\000o\000r\000s\000\051}{section.3.8}% 90
\BOOKMARK [1][-]{section.3.9}{\376\377\000R\000o\000l\000e\000\040\000o\000f\000\040\000E\000d\000u\000c\000a\000t\000i\000o\000n\000a\000l\000\040\000I\000n\000s\000t\000i\000t\000u\000t\000i\000o\000n\000s\000\040\000i\000n\000\040\000V\000a\000l\000u\000e\000\040\000I\000n\000c\000u\000l\000c\000a\000t\000i\000o\000n}{chapter.3}% 91
\BOOKMARK [2][-]{subsection.3.9.1}{\376\377\000R\000o\000l\000e\000\040\000o\000f\000\040\000T\000e\000a\000c\000h\000e\000r\000s}{section.3.9}% 92
\BOOKMARK [2][-]{subsection.3.9.2}{\376\377\000R\000o\000l\000e\000\040\000o\000f\000\040\000C\000u\000r\000r\000i\000c\000u\000l\000a\000r\000\040\000S\000u\000b\000j\000e\000c\000t\000s}{section.3.9}% 93
\BOOKMARK [2][-]{subsection.3.9.3}{\376\377\000E\000x\000t\000r\000a\000c\000u\000r\000r\000i\000c\000u\000l\000a\000r\000\040\000A\000c\000t\000i\000v\000i\000t\000i\000e\000s\000:\000\040\000S\000p\000o\000r\000t\000s\000,\000\040\000G\000a\000m\000e\000s\000\040\000\046\000\040\000D\000e\000b\000a\000t\000e\000s}{section.3.9}% 94
\BOOKMARK [2][-]{subsection.3.9.4}{\376\377\000P\000e\000d\000a\000g\000o\000g\000y\000:\000\040\000A\000c\000t\000i\000v\000i\000t\000y\000-\000B\000a\000s\000e\000d\000\040\000L\000e\000a\000r\000n\000i\000n\000g\000\040\000\046\000\040\000t\000h\000e\000\040\000F\000l\000i\000p\000p\000e\000d\000\040\000C\000l\000a\000s\000s\000r\000o\000o\000m}{section.3.9}% 95
\BOOKMARK [2][-]{subsection.3.9.5}{\376\377\000C\000r\000i\000t\000i\000c\000a\000l\000\040\000P\000e\000r\000s\000p\000e\000c\000t\000i\000v\000e\000\040\040\024\000\040\000W\000h\000y\000\040\000I\000n\000s\000t\000i\000t\000u\000t\000i\000o\000n\000s\000\040\000F\000a\000i\000l\000\040\000\050\000C\000o\000n\000t\000e\000m\000p\000o\000r\000a\000r\000y\000\040\000F\000a\000c\000t\000o\000r\000s\000\051}{section.3.9}% 96
\BOOKMARK [1][-]{section.3.10}{\376\377\000R\000o\000l\000e\000\040\000o\000f\000\040\000S\000o\000c\000i\000e\000t\000y\000,\000\040\000G\000o\000v\000e\000r\000n\000m\000e\000n\000t\000\040\000\046\000\040\000M\000e\000d\000i\000a\000\040\000i\000n\000\040\000V\000a\000l\000u\000e\000\040\000I\000n\000c\000u\000l\000c\000a\000t\000i\000o\000n}{chapter.3}% 97
\BOOKMARK [2][-]{subsection.3.10.1}{\376\377\000E\000t\000h\000n\000o\000c\000e\000n\000t\000r\000i\000s\000m\000\040\000\046\000\040\000t\000h\000e\000\040\000V\000a\000l\000u\000e\000\040\000o\000f\000\040\000E\000x\000p\000o\000s\000u\000r\000e\000\040\000\050\000S\000o\000c\000i\000e\000t\000y\000\051}{section.3.10}% 98
\BOOKMARK [2][-]{subsection.3.10.2}{\376\377\000E\000m\000p\000a\000t\000h\000y\000\040\000T\000o\000w\000a\000r\000d\000\040\000S\000y\000s\000t\000e\000m\000s\000\040\000a\000n\000d\000\040\000P\000e\000o\000p\000l\000e}{section.3.10}% 99
\BOOKMARK [2][-]{subsection.3.10.3}{\376\377\000R\000o\000l\000e\000\040\000o\000f\000\040\000G\000o\000v\000e\000r\000n\000m\000e\000n\000t}{section.3.10}% 100
\BOOKMARK [2][-]{subsection.3.10.4}{\376\377\000R\000o\000l\000e\000\040\000o\000f\000\040\000M\000e\000d\000i\000a\000\040\000\050\000P\000o\000s\000i\000t\000i\000v\000e\000\051}{section.3.10}% 101
\BOOKMARK [2][-]{subsection.3.10.5}{\376\377\000R\000o\000l\000e\000\040\000o\000f\000\040\000M\000e\000d\000i\000a\000\040\000\050\000N\000e\000g\000a\000t\000i\000v\000e\000\040\040\024\000\040\000C\000o\000n\000t\000e\000m\000p\000o\000r\000a\000r\000y\000\040\000F\000a\000c\000t\000o\000r\000s\000\051}{section.3.10}% 102
\BOOKMARK [1][-]{section.3.11}{\376\377\000L\000e\000s\000s\000o\000n\000s\000\040\000f\000r\000o\000m\000\040\000t\000h\000e\000\040\000L\000i\000v\000e\000s\000\040\000o\000f\000\040\000G\000r\000e\000a\000t\000\040\000L\000e\000a\000d\000e\000r\000s\000\040\040\024\000\040\000M\000a\000h\000a\000t\000m\000a\000\040\000G\000a\000n\000d\000h\000i}{chapter.3}% 103
\BOOKMARK [2][-]{subsection.3.11.1}{\376\377\000H\000o\000n\000e\000s\000t\000y\000\040\000\046\000\040\000I\000n\000t\000e\000g\000r\000i\000t\000y}{section.3.11}% 104
\BOOKMARK [2][-]{subsection.3.11.2}{\376\377\000O\000p\000e\000n\000n\000e\000s\000s\000,\000\040\000T\000o\000l\000e\000r\000a\000n\000c\000e\000\040\000\046\000\040\000a\000\040\000L\000e\000a\000r\000n\000i\000n\000g\000\040\000A\000t\000t\000i\000t\000u\000d\000e}{section.3.11}% 105
\BOOKMARK [2][-]{subsection.3.11.3}{\376\377\000N\000o\000n\000-\000V\000i\000o\000l\000e\000n\000c\000e\000\040\000\050\000A\000h\000i\000m\000s\000a\000\051}{section.3.11}% 106
\BOOKMARK [2][-]{subsection.3.11.4}{\376\377\000F\000o\000r\000g\000i\000v\000e\000n\000e\000s\000s}{section.3.11}% 107
\BOOKMARK [2][-]{subsection.3.11.5}{\376\377\000S\000w\000a\000r\000a\000j\000\040\000\050\000S\000e\000l\000f\000-\000R\000u\000l\000e\000\051}{section.3.11}% 108
\BOOKMARK [2][-]{subsection.3.11.6}{\376\377\000T\000a\000l\000i\000s\000m\000a\000n\000\040\000\046\000\040\000A\000n\000t\000y\000o\000d\000a\000y\000a}{section.3.11}% 109
\BOOKMARK [2][-]{subsection.3.11.7}{\376\377\000S\000o\000l\000i\000d\000a\000r\000i\000t\000y\000\040\040\024\000\040\000T\000h\000e\000\040\000L\000o\000i\000n\000c\000l\000o\000t\000h}{section.3.11}% 110
\BOOKMARK [2][-]{subsection.3.11.8}{\376\377\000S\000a\000r\000v\000o\000d\000a\000y\000a\000,\000\040\000P\000u\000r\000i\000t\000y\000\040\000o\000f\000\040\000M\000e\000a\000n\000s\000\040\000\046\000\040\000T\000r\000u\000s\000t\000e\000e\000s\000h\000i\000p}{section.3.11}% 111
\BOOKMARK [1][-]{section.3.12}{\376\377\000K\000e\000y\000\040\000C\000r\000o\000s\000s\000-\000C\000u\000t\000t\000i\000n\000g\000\040\000R\000e\000m\000i\000n\000d\000e\000r\000s}{chapter.3}% 112
\BOOKMARK [0][-]{chapter.4}{\376\377\000G\000a\000n\000d\000h\000i\000'\000s\000\040\000S\000e\000v\000e\000n\000\040\000S\000o\000c\000i\000a\000l\000\040\000S\000i\000n\000s\000,\000\040\000A\000p\000t\000i\000t\000u\000d\000e\000\040\000a\000n\000d\000\040\000F\000o\000u\000n\000d\000a\000t\000i\000o\000n\000a\000l\000\040\000V\000a\000l\000u\000e\000s\000\040\000f\000o\000r\000\040\000C\000i\000v\000i\000l\000\040\000S\000e\000r\000v\000i\000c\000e\000s}{}% 113
\BOOKMARK [1][-]{section.4.1}{\376\377\000L\000e\000s\000s\000o\000n\000s\000\040\000f\000r\000o\000m\000\040\000G\000a\000n\000d\000h\000i\000j\000i\000:\000\040\000T\000h\000e\000\040\000S\000e\000v\000e\000n\000\040\000S\000o\000c\000i\000a\000l\000\040\000S\000i\000n\000s}{chapter.4}% 114
\BOOKMARK [2][-]{subsection.4.1.1}{\376\377\000W\000e\000a\000l\000t\000h\000\040\000W\000i\000t\000h\000o\000u\000t\000\040\000W\000o\000r\000k}{section.4.1}% 115
\BOOKMARK [2][-]{subsection.4.1.2}{\376\377\000P\000l\000e\000a\000s\000u\000r\000e\000\040\000W\000i\000t\000h\000o\000u\000t\000\040\000C\000o\000n\000s\000c\000i\000e\000n\000c\000e}{section.4.1}% 116
\BOOKMARK [2][-]{subsection.4.1.3}{\376\377\000K\000n\000o\000w\000l\000e\000d\000g\000e\000\040\000W\000i\000t\000h\000o\000u\000t\000\040\000C\000h\000a\000r\000a\000c\000t\000e\000r}{section.4.1}% 117
\BOOKMARK [2][-]{subsection.4.1.4}{\376\377\000C\000o\000m\000m\000e\000r\000c\000e\000\040\000\050\000B\000u\000s\000i\000n\000e\000s\000s\000\051\000\040\000W\000i\000t\000h\000o\000u\000t\000\040\000M\000o\000r\000a\000l\000i\000t\000y}{section.4.1}% 118
\BOOKMARK [2][-]{subsection.4.1.5}{\376\377\000S\000c\000i\000e\000n\000c\000e\000\040\000W\000i\000t\000h\000o\000u\000t\000\040\000H\000u\000m\000a\000n\000i\000t\000y}{section.4.1}% 119
\BOOKMARK [2][-]{subsection.4.1.6}{\376\377\000R\000e\000l\000i\000g\000i\000o\000n\000\040\000W\000i\000t\000h\000o\000u\000t\000\040\000S\000a\000c\000r\000i\000f\000i\000c\000e}{section.4.1}% 120
\BOOKMARK [2][-]{subsection.4.1.7}{\376\377\000P\000o\000l\000i\000t\000i\000c\000s\000\040\000W\000i\000t\000h\000o\000u\000t\000\040\000P\000r\000i\000n\000c\000i\000p\000l\000e}{section.4.1}% 121
\BOOKMARK [2][-]{subsection.4.1.8}{\376\377\000R\000i\000g\000h\000t\000s\000\040\000W\000i\000t\000h\000o\000u\000t\000\040\000R\000e\000s\000p\000o\000n\000s\000i\000b\000i\000l\000i\000t\000y\000\040\000\050\000a\000d\000d\000e\000d\000\040\000b\000y\000\040\000A\000r\000u\000n\000\040\000G\000a\000n\000d\000h\000i\000\051}{section.4.1}% 122
\BOOKMARK [1][-]{section.4.2}{\376\377\000F\000o\000c\000u\000s\000\040\000o\000n\000\040\000C\000o\000n\000t\000r\000o\000l\000l\000a\000b\000l\000e\000s\000:\000\040\000A\000\040\000N\000o\000t\000e\000\040\000o\000n\000\040\000t\000h\000e\000\040\000A\000s\000p\000i\000r\000a\000n\000t\000'\000s\000\040\000A\000t\000t\000i\000t\000u\000d\000e}{chapter.4}% 123
\BOOKMARK [1][-]{section.4.3}{\376\377\000A\000p\000t\000i\000t\000u\000d\000e}{chapter.4}% 124
\BOOKMARK [2][-]{subsection.4.3.1}{\376\377\000A\000p\000t\000i\000t\000u\000d\000e\000\040\000I\000s\000\040\000N\000o\000t\000\040\000M\000o\000n\000o\000l\000i\000t\000h\000i\000c\000\040\040\024\000\040\000I\000t\000s\000\040\000C\000o\000m\000p\000o\000n\000e\000n\000t\000s}{section.4.3}% 125
\BOOKMARK [2][-]{subsection.4.3.2}{\376\377\000C\000i\000v\000i\000l\000\040\000S\000e\000r\000v\000i\000c\000e\000s\000\040\000A\000p\000t\000i\000t\000u\000d\000e}{section.4.3}% 126
\BOOKMARK [1][-]{section.4.4}{\376\377\000A\000t\000t\000i\000t\000u\000d\000e\000,\000\040\000a\000n\000d\000\040\000t\000h\000e\000\040\000R\000e\000l\000a\000t\000i\000o\000n\000s\000h\000i\000p\000\040\000b\000e\000t\000w\000e\000e\000n\000\040\000A\000p\000t\000i\000t\000u\000d\000e\000\040\000\046\000\040\000A\000t\000t\000i\000t\000u\000d\000e}{chapter.4}% 127
\BOOKMARK [2][-]{subsection.4.4.1}{\376\377\000W\000h\000a\000t\000\040\000I\000s\000\040\000A\000t\000t\000i\000t\000u\000d\000e}{section.4.4}% 128
\BOOKMARK [2][-]{subsection.4.4.2}{\376\377\000A\000p\000t\000i\000t\000u\000d\000e\000\040\000v\000s\000\040\000A\000t\000t\000i\000t\000u\000d\000e\000\040\040\024\000\040\000K\000e\000y\000\040\000D\000i\000f\000f\000e\000r\000e\000n\000c\000e\000s}{section.4.4}% 129
\BOOKMARK [2][-]{subsection.4.4.3}{\376\377\000H\000o\000w\000\040\000A\000t\000t\000i\000t\000u\000d\000e\000\040\000a\000n\000d\000\040\000A\000p\000t\000i\000t\000u\000d\000e\000\040\000C\000o\000m\000p\000l\000e\000m\000e\000n\000t\000\040\000E\000a\000c\000h\000\040\000O\000t\000h\000e\000r}{section.4.4}% 130
\BOOKMARK [2][-]{subsection.4.4.4}{\376\377\000L\000e\000a\000r\000n\000i\000n\000g\000\040\000A\000t\000t\000i\000t\000u\000d\000e\000:\000\040\000A\000d\000o\000p\000t\000\040\000V\000a\000l\000u\000e\000s\000,\000\040\000D\000o\000n\000'\000t\000\040\000B\000e\000c\000o\000m\000e\000\040\000O\000t\000h\000e\000r\000s}{section.4.4}% 131
\BOOKMARK [1][-]{section.4.5}{\376\377\000F\000o\000u\000n\000d\000a\000t\000i\000o\000n\000a\000l\000\040\000V\000a\000l\000u\000e\000s\000\040\000f\000o\000r\000\040\000C\000i\000v\000i\000l\000\040\000S\000e\000r\000v\000i\000c\000e\000s\000:\000\040\000O\000b\000j\000e\000c\000t\000i\000v\000i\000t\000y}{chapter.4}% 132
\BOOKMARK [2][-]{subsection.4.5.1}{\376\377\000B\000a\000c\000k\000g\000r\000o\000u\000n\000d\000\040\040\024\000\040\000M\000a\000x\000\040\000W\000e\000b\000e\000r\000'\000s\000\040\000B\000u\000r\000e\000a\000u\000c\000r\000a\000t\000i\000c\000\040\000M\000o\000d\000e\000l}{section.4.5}% 133
\BOOKMARK [2][-]{subsection.4.5.2}{\376\377\000W\000h\000a\000t\000\040\000O\000b\000j\000e\000c\000t\000i\000v\000i\000t\000y\000\040\000M\000e\000a\000n\000s}{section.4.5}% 134
\BOOKMARK [2][-]{subsection.4.5.3}{\376\377\000R\000e\000l\000e\000v\000a\000n\000c\000e\000\040\000o\000f\000\040\000O\000b\000j\000e\000c\000t\000i\000v\000i\000t\000y\000\040\000i\000n\000\040\000G\000o\000v\000e\000r\000n\000a\000n\000c\000e}{section.4.5}% 135
\BOOKMARK [2][-]{subsection.4.5.4}{\376\377\000L\000i\000m\000i\000t\000a\000t\000i\000o\000n\000s\000\040\000o\000f\000\040\000O\000b\000j\000e\000c\000t\000i\000v\000i\000t\000y}{section.4.5}% 136
\BOOKMARK [1][-]{section.4.6}{\376\377\000I\000n\000t\000e\000g\000r\000i\000t\000y}{chapter.4}% 137
\BOOKMARK [2][-]{subsection.4.6.1}{\376\377\000I\000l\000l\000u\000s\000t\000r\000a\000t\000i\000o\000n\000s\000\040\000o\000f\000\040\000I\000n\000t\000e\000g\000r\000i\000t\000y}{section.4.6}% 138
\BOOKMARK [2][-]{subsection.4.6.2}{\376\377\000T\000y\000p\000e\000s\000\040\000o\000f\000\040\000I\000n\000t\000e\000g\000r\000i\000t\000y}{section.4.6}% 139
\BOOKMARK [2][-]{subsection.4.6.3}{\376\377\000I\000n\000t\000e\000g\000r\000i\000t\000y\000\040\000v\000s\000\040\000H\000o\000n\000e\000s\000t\000y}{section.4.6}% 140
\BOOKMARK [2][-]{subsection.4.6.4}{\376\377\000W\000h\000y\000\040\000I\000n\000t\000e\000g\000r\000i\000t\000y\000\040\000M\000a\000t\000t\000e\000r\000s\000\040\000i\000n\000\040\000P\000u\000b\000l\000i\000c\000\040\000L\000i\000f\000e}{section.4.6}% 141
\BOOKMARK [2][-]{subsection.4.6.5}{\376\377\000I\000n\000t\000e\000g\000r\000i\000t\000y\000\040\000P\000a\000c\000t}{section.4.6}% 142
\BOOKMARK [1][-]{section.4.7}{\376\377\000N\000o\000n\000-\000P\000a\000r\000t\000i\000s\000a\000n\000s\000h\000i\000p\000,\000\040\000I\000m\000p\000a\000r\000t\000i\000a\000l\000i\000t\000y\000\040\000\046\000\040\000N\000e\000u\000t\000r\000a\000l\000i\000t\000y}{chapter.4}% 143
\BOOKMARK [2][-]{subsection.4.7.1}{\376\377\000B\000a\000c\000k\000g\000r\000o\000u\000n\000d\000\040\040\024\000\040\000P\000e\000r\000m\000a\000n\000e\000n\000t\000\040\000v\000s\000\040\000T\000e\000m\000p\000o\000r\000a\000r\000y\000\040\000E\000x\000e\000c\000u\000t\000i\000v\000e}{section.4.7}% 144
\BOOKMARK [2][-]{subsection.4.7.2}{\376\377\000N\000o\000n\000-\000P\000a\000r\000t\000i\000s\000a\000n\000s\000h\000i\000p}{section.4.7}% 145
\BOOKMARK [2][-]{subsection.4.7.3}{\376\377\000I\000m\000p\000a\000r\000t\000i\000a\000l\000i\000t\000y}{section.4.7}% 146
\BOOKMARK [2][-]{subsection.4.7.4}{\376\377\000N\000o\000n\000-\000P\000a\000r\000t\000i\000s\000a\000n\000s\000h\000i\000p\000\040\000v\000s\000\040\000I\000m\000p\000a\000r\000t\000i\000a\000l\000i\000t\000y}{section.4.7}% 147
\BOOKMARK [2][-]{subsection.4.7.5}{\376\377\000N\000e\000u\000t\000r\000a\000l\000i\000t\000y}{section.4.7}% 148
\BOOKMARK [2][-]{subsection.4.7.6}{\376\377\000R\000e\000l\000e\000v\000a\000n\000c\000e\000\040\000\046\000\040\000V\000i\000o\000l\000a\000t\000i\000o\000n\000s}{section.4.7}% 149
\BOOKMARK [1][-]{section.4.8}{\376\377\000T\000o\000l\000e\000r\000a\000n\000c\000e}{chapter.4}% 150
\BOOKMARK [2][-]{subsection.4.8.1}{\376\377\000W\000h\000y\000\040\000T\000o\000l\000e\000r\000a\000n\000c\000e\000\040\000M\000a\000t\000t\000e\000r\000s}{section.4.8}% 151
\BOOKMARK [1][-]{section.4.9}{\376\377\000S\000y\000m\000p\000a\000t\000h\000y\000,\000\040\000E\000m\000p\000a\000t\000h\000y\000\040\000\046\000\040\000C\000o\000m\000p\000a\000s\000s\000i\000o\000n}{chapter.4}% 152
\BOOKMARK [2][-]{subsection.4.9.1}{\376\377\000T\000h\000e\000\040\000T\000h\000r\000e\000e\000\040\000D\000i\000s\000t\000i\000n\000g\000u\000i\000s\000h\000e\000d}{section.4.9}% 153
\BOOKMARK [2][-]{subsection.4.9.2}{\376\377\000W\000h\000y\000\040\000E\000m\000p\000a\000t\000h\000y\000\040\000\046\000\040\000C\000o\000m\000p\000a\000s\000s\000i\000o\000n\000\040\000M\000a\000t\000t\000e\000r\000\040\000i\000n\000\040\000A\000d\000m\000i\000n\000i\000s\000t\000r\000a\000t\000i\000o\000n}{section.4.9}% 154
\BOOKMARK [2][-]{subsection.4.9.3}{\376\377\000W\000h\000e\000r\000e\000\040\000C\000o\000m\000p\000a\000s\000s\000i\000o\000n\000\040\000I\000s\000\040\000E\000s\000s\000e\000n\000t\000i\000a\000l}{section.4.9}% 155
\BOOKMARK [1][-]{section.4.10}{\376\377\000D\000e\000d\000i\000c\000a\000t\000i\000o\000n\000\040\000t\000o\000\040\000P\000u\000b\000l\000i\000c\000\040\000S\000e\000r\000v\000i\000c\000e}{chapter.4}% 156
\BOOKMARK [2][-]{subsection.4.10.1}{\376\377\000W\000h\000y\000\040\000D\000e\000d\000i\000c\000a\000t\000i\000o\000n\000\040\000I\000s\000\040\000N\000e\000e\000d\000e\000d}{section.4.10}% 157
\BOOKMARK [2][-]{subsection.4.10.2}{\376\377\000D\000e\000d\000i\000c\000a\000t\000i\000o\000n\000\040\000a\000s\000\040\000a\000\040\000`\000M\000o\000t\000h\000e\000r\000\040\000V\000a\000l\000u\000e\000'}{section.4.10}% 158
\BOOKMARK [2][-]{subsection.4.10.3}{\376\377\000S\000i\000g\000n\000i\000f\000i\000c\000a\000n\000c\000e}{section.4.10}% 159
\BOOKMARK [1][-]{section.4.11}{\376\377\000K\000e\000y\000\040\000C\000r\000o\000s\000s\000-\000C\000u\000t\000t\000i\000n\000g\000\040\000R\000e\000m\000i\000n\000d\000e\000r\000s}{chapter.4}% 160
\BOOKMARK [0][-]{chapter.5}{\376\377\000E\000m\000o\000t\000i\000o\000n\000a\000l\000\040\000I\000n\000t\000e\000l\000l\000i\000g\000e\000n\000c\000e\000\040\000a\000n\000d\000\040\000A\000t\000t\000i\000t\000u\000d\000e}{}% 161
\BOOKMARK [1][-]{section.5.1}{\376\377\000R\000e\000c\000a\000p\000:\000\040\000F\000o\000u\000n\000d\000a\000t\000i\000o\000n\000a\000l\000\040\000V\000a\000l\000u\000e\000s\000\040\000f\000o\000r\000\040\000C\000i\000v\000i\000l\000\040\000S\000e\000r\000v\000i\000c\000e\000s}{chapter.5}% 162
\BOOKMARK [2][-]{subsection.5.1.1}{\376\377\000D\000e\000d\000i\000c\000a\000t\000i\000o\000n\000\040\000t\000o\000\040\000P\000u\000b\000l\000i\000c\000\040\000S\000e\000r\000v\000i\000c\000e\000\040\000\050\000P\000a\000s\000s\000i\000o\000n\000a\000t\000e\000\040\000C\000o\000m\000m\000i\000t\000m\000e\000n\000t\000\051}{section.5.1}% 163
\BOOKMARK [2][-]{subsection.5.1.2}{\376\377\000S\000y\000m\000p\000a\000t\000h\000y\000,\000\040\000E\000m\000p\000a\000t\000h\000y\000\040\000a\000n\000d\000\040\000C\000o\000m\000p\000a\000s\000s\000i\000o\000n}{section.5.1}% 164
\BOOKMARK [2][-]{subsection.5.1.3}{\376\377\000N\000o\000n\000-\000p\000a\000r\000t\000i\000s\000a\000n\000s\000h\000i\000p\000\040\000a\000n\000d\000\040\000I\000m\000p\000a\000r\000t\000i\000a\000l\000i\000t\000y}{section.5.1}% 165
\BOOKMARK [1][-]{section.5.2}{\376\377\000E\000x\000a\000m\000p\000l\000e\000s\000\040\000\046\000\040\000P\000Y\000Q\000\040\000T\000h\000e\000m\000e\000s\000\040\000o\000n\000\040\000F\000o\000u\000n\000d\000a\000t\000i\000o\000n\000a\000l\000\040\000V\000a\000l\000u\000e\000s}{chapter.5}% 166
\BOOKMARK [2][-]{subsection.5.2.1}{\376\377\000O\000b\000j\000e\000c\000t\000i\000v\000i\000t\000y\000\040\000w\000i\000t\000h\000o\000u\000t\000\040\000C\000o\000m\000p\000a\000s\000s\000i\000o\000n\000\040\040\024\000\040\000t\000h\000e\000\040\000M\000i\000n\000i\000n\000g\000\040\000D\000i\000s\000t\000r\000i\000c\000t\000s\000\040\000C\000a\000s\000e}{section.5.2}% 167
\BOOKMARK [2][-]{subsection.5.2.2}{\376\377\000P\000Y\000Q\000\040\000T\000h\000e\000m\000e\000\040\040\024\000\040\000I\000n\000t\000e\000g\000r\000i\000t\000y\000\040\000a\000n\000d\000\040\000K\000n\000o\000w\000l\000e\000d\000g\000e}{section.5.2}% 168
\BOOKMARK [2][-]{subsection.5.2.3}{\376\377\000I\000m\000p\000a\000r\000t\000i\000a\000l\000i\000t\000y\000\040\000v\000s\000.\000\040\000P\000o\000s\000i\000t\000i\000v\000e\000\040\000D\000i\000s\000c\000r\000i\000m\000i\000n\000a\000t\000i\000o\000n\000\040\040\024\000\040\000a\000\040\000C\000a\000v\000e\000a\000t}{section.5.2}% 169
\BOOKMARK [1][-]{section.5.3}{\376\377\000R\000e\000a\000d\000y\000-\000t\000o\000-\000U\000s\000e\000\040\000E\000x\000a\000m\000p\000l\000e\000s\000:\000\040\000A\000p\000a\000t\000h\000y\000,\000\040\000C\000o\000m\000p\000a\000s\000s\000i\000o\000n\000\040\000\046\000\040\000D\000e\000d\000i\000c\000a\000t\000i\000o\000n}{chapter.5}% 170
\BOOKMARK [1][-]{section.5.4}{\376\377\000E\000m\000o\000t\000i\000o\000n\000a\000l\000\040\000I\000n\000t\000e\000l\000l\000i\000g\000e\000n\000c\000e}{chapter.5}% 171
\BOOKMARK [2][-]{subsection.5.4.1}{\376\377\000O\000p\000e\000n\000i\000n\000g\000\040\000Q\000u\000o\000t\000e}{section.5.4}% 172
\BOOKMARK [2][-]{subsection.5.4.2}{\376\377\000D\000e\000f\000i\000n\000i\000t\000i\000o\000n}{section.5.4}% 173
\BOOKMARK [2][-]{subsection.5.4.3}{\376\377\000F\000i\000v\000e\000\040\000C\000o\000m\000p\000o\000n\000e\000n\000t\000s\000\040\000o\000f\000\040\000E\000m\000o\000t\000i\000o\000n\000a\000l\000\040\000I\000n\000t\000e\000l\000l\000i\000g\000e\000n\000c\000e}{section.5.4}% 174
\BOOKMARK [2][-]{subsection.5.4.4}{\376\377\000C\000a\000s\000e\000\040\000S\000t\000u\000d\000y\000:\000\040\000T\000h\000e\000\040\000B\000a\000n\000k\000\040\000M\000a\000n\000a\000g\000e\000r\000\040\000\046\000\040\000t\000h\000e\000\040\000D\000i\000g\000i\000t\000a\000l\000\040\000A\000r\000r\000e\000s\000t}{section.5.4}% 175
\BOOKMARK [2][-]{subsection.5.4.5}{\376\377\000C\000a\000s\000e\000\040\000S\000t\000u\000d\000y\000:\000\040\000T\000o\000p\000o\000g\000r\000a\000p\000h\000y\000\040\000o\000f\000\040\000T\000e\000r\000r\000o\000r\000\040\000\050\000B\000e\000r\000l\000i\000n\000\051}{section.5.4}% 176
\BOOKMARK [2][-]{subsection.5.4.6}{\376\377\000M\000o\000r\000e\000\040\000E\000x\000a\000m\000p\000l\000e\000s\000\040\000o\000f\000\040\000E\000m\000o\000t\000i\000o\000n\000a\000l\000\040\000I\000n\000t\000e\000l\000l\000i\000g\000e\000n\000c\000e\000\040\000\050\000a\000n\000d\000\040\000i\000t\000s\000\040\000a\000b\000s\000e\000n\000c\000e\000\051}{section.5.4}% 177
\BOOKMARK [1][-]{section.5.5}{\376\377\000T\000r\000a\000i\000n\000e\000d\000\040\000A\000p\000a\000t\000h\000y\000\040\000\046\000\040\000F\000u\000n\000c\000t\000i\000o\000n\000a\000l\000\040\000D\000e\000t\000a\000c\000h\000m\000e\000n\000t}{chapter.5}% 178
\BOOKMARK [1][-]{section.5.6}{\376\377\000U\000s\000i\000n\000g\000\040\000E\000m\000o\000t\000i\000o\000n\000s\000\040\000P\000o\000s\000i\000t\000i\000v\000e\000l\000y\000\040\000\050\000E\000m\000o\000t\000i\000o\000n\000s\000\040\000W\000o\000r\000k\000i\000n\000g\000\040\000F\000o\000r\000\040\000Y\000o\000u\000\051}{chapter.5}% 179
\BOOKMARK [2][-]{subsection.5.6.1}{\376\377\000R\000a\000t\000i\000o\000n\000a\000l\000\040\000v\000s\000.\000\040\000N\000o\000n\000-\000r\000a\000t\000i\000o\000n\000a\000l\000\040\000\050\000E\000x\000t\000r\000a\000-\000r\000a\000t\000i\000o\000n\000a\000l\000\051\000\040\000B\000e\000h\000a\000v\000i\000o\000u\000r}{section.5.6}% 180
\BOOKMARK [2][-]{subsection.5.6.2}{\376\377\000S\000w\000a\000c\000h\000h\000\040\000B\000h\000a\000r\000a\000t\000\040\000M\000i\000s\000s\000i\000o\000n\000\040\040\024\000\040\000P\000r\000i\000d\000e\000,\000\040\000D\000i\000s\000g\000u\000s\000t\000,\000\040\000L\000o\000v\000e}{section.5.6}% 181
\BOOKMARK [2][-]{subsection.5.6.3}{\376\377\000P\000i\000c\000t\000o\000r\000i\000a\000l\000\040\000W\000a\000r\000n\000i\000n\000g\000s\000\040\000o\000n\000\040\000T\000o\000b\000a\000c\000c\000o}{section.5.6}% 182
\BOOKMARK [1][-]{section.5.7}{\376\377\000C\000a\000n\000\040\000E\000m\000o\000t\000i\000o\000n\000a\000l\000\040\000I\000n\000t\000e\000l\000l\000i\000g\000e\000n\000c\000e\000\040\000B\000e\000\040\000L\000e\000a\000r\000n\000e\000d\000?}{chapter.5}% 183
\BOOKMARK [2][-]{subsection.5.7.1}{\376\377\000M\000e\000t\000h\000o\000d\000s\000\040\000t\000o\000\040\000I\000n\000c\000u\000l\000c\000a\000t\000e\000\040\000E\000m\000o\000t\000i\000o\000n\000a\000l\000\040\000I\000n\000t\000e\000l\000l\000i\000g\000e\000n\000c\000e}{section.5.7}% 184
\BOOKMARK [2][-]{subsection.5.7.2}{\376\377\000E\000m\000o\000t\000i\000o\000n\000a\000l\000\040\000I\000n\000t\000e\000l\000l\000i\000g\000e\000n\000c\000e\000\040\000C\000a\000n\000\040\000B\000e\000\040\000M\000i\000s\000u\000s\000e\000d}{section.5.7}% 185
\BOOKMARK [1][-]{section.5.8}{\376\377\000A\000t\000t\000i\000t\000u\000d\000e\000:\000\040\000M\000e\000a\000n\000i\000n\000g\000\040\000\046\000\040\000S\000t\000r\000u\000c\000t\000u\000r\000e}{chapter.5}% 186
\BOOKMARK [2][-]{subsection.5.8.1}{\376\377\000W\000h\000a\000t\000\040\000i\000s\000\040\000A\000t\000t\000i\000t\000u\000d\000e\000?}{section.5.8}% 187
\BOOKMARK [2][-]{subsection.5.8.2}{\376\377\000S\000t\000r\000u\000c\000t\000u\000r\000e\000\040\000o\000f\000\040\000A\000t\000t\000i\000t\000u\000d\000e\000\040\040\024\000\040\000t\000h\000e\000\040\000C\000A\000B\000\040\000\050\000A\000B\000C\000\051\000\040\000M\000o\000d\000e\000l}{section.5.8}% 188
\BOOKMARK [2][-]{subsection.5.8.3}{\376\377\000C\000o\000m\000p\000o\000n\000e\000n\000t\000s\000\040\000M\000a\000y\000\040\000N\000o\000t\000\040\000B\000e\000\040\000i\000n\000\040\000C\000o\000n\000g\000r\000u\000e\000n\000c\000e}{section.5.8}% 189
\BOOKMARK [1][-]{section.5.9}{\376\377\000F\000u\000n\000c\000t\000i\000o\000n\000s\000\040\000o\000f\000\040\000A\000t\000t\000i\000t\000u\000d\000e}{chapter.5}% 190
\BOOKMARK [2][-]{subsection.5.9.1}{\376\377\000K\000n\000o\000w\000l\000e\000d\000g\000e\000\040\000F\000u\000n\000c\000t\000i\000o\000n}{section.5.9}% 191
\BOOKMARK [2][-]{subsection.5.9.2}{\376\377\000U\000t\000i\000l\000i\000t\000a\000r\000i\000a\000n\000\040\000/\000\040\000S\000o\000c\000i\000a\000l\000l\000y\000-\000A\000d\000j\000u\000s\000t\000i\000v\000e\000\040\000F\000u\000n\000c\000t\000i\000o\000n}{section.5.9}% 192
\BOOKMARK [2][-]{subsection.5.9.3}{\376\377\000E\000g\000o\000-\000D\000e\000f\000e\000n\000s\000i\000v\000e\000\040\000F\000u\000n\000c\000t\000i\000o\000n}{section.5.9}% 193
\BOOKMARK [2][-]{subsection.5.9.4}{\376\377\000V\000a\000l\000u\000e\000-\000E\000x\000p\000r\000e\000s\000s\000i\000v\000e\000\040\000F\000u\000n\000c\000t\000i\000o\000n}{section.5.9}% 194
\BOOKMARK [1][-]{section.5.10}{\376\377\000A\000t\000t\000i\000t\000u\000d\000e\000'\000s\000\040\000I\000n\000f\000l\000u\000e\000n\000c\000e\000\040\000o\000n\000\040\000T\000h\000o\000u\000g\000h\000t\000\040\000\046\000\040\000B\000e\000h\000a\000v\000i\000o\000u\000r}{chapter.5}% 195
\BOOKMARK [2][-]{subsection.5.10.1}{\376\377\000I\000n\000f\000l\000u\000e\000n\000c\000e\000\040\000o\000n\000\040\000T\000h\000o\000u\000g\000h\000t}{section.5.10}% 196
\BOOKMARK [2][-]{subsection.5.10.2}{\376\377\000I\000n\000f\000l\000u\000e\000n\000c\000e\000\040\000o\000n\000\040\000B\000e\000h\000a\000v\000i\000o\000u\000r}{section.5.10}% 197
\BOOKMARK [1][-]{section.5.11}{\376\377\000C\000o\000g\000n\000i\000t\000i\000v\000e\000\040\000D\000i\000s\000s\000o\000n\000a\000n\000c\000e}{chapter.5}% 198
\BOOKMARK [1][-]{section.5.12}{\376\377\000F\000o\000r\000m\000a\000t\000i\000o\000n\000\040\000o\000f\000\040\000A\000t\000t\000i\000t\000u\000d\000e}{chapter.5}% 199
\BOOKMARK [2][-]{subsection.5.12.1}{\376\377\000C\000l\000a\000s\000s\000i\000c\000a\000l\000\040\000C\000o\000n\000d\000i\000t\000i\000o\000n\000i\000n\000g\000\040\000\050\000l\000e\000a\000r\000n\000i\000n\000g\000\040\000t\000h\000r\000o\000u\000g\000h\000\040\000a\000s\000s\000o\000c\000i\000a\000t\000i\000o\000n\000\051}{section.5.12}% 200
\BOOKMARK [2][-]{subsection.5.12.2}{\376\377\000O\000p\000e\000r\000a\000n\000t\000\040\000C\000o\000n\000d\000i\000t\000i\000o\000n\000i\000n\000g\000\040\000\050\000r\000e\000w\000a\000r\000d\000\040\000a\000n\000d\000\040\000p\000u\000n\000i\000s\000h\000m\000e\000n\000t\000\051}{section.5.12}% 201
\BOOKMARK [2][-]{subsection.5.12.3}{\376\377\000O\000b\000s\000e\000r\000v\000a\000t\000i\000o\000n\000a\000l\000\040\000L\000e\000a\000r\000n\000i\000n\000g\000,\000\040\000C\000u\000l\000t\000u\000r\000e\000,\000\040\000M\000e\000d\000i\000a\000,\000\040\000F\000a\000m\000i\000l\000y}{section.5.12}% 202
\BOOKMARK [2][-]{subsection.5.12.4}{\376\377\000V\000a\000l\000u\000e\000s\000\040\000v\000s\000.\000\040\000A\000t\000t\000i\000t\000u\000d\000e\000s}{section.5.12}% 203
\BOOKMARK [2][-]{subsection.5.12.5}{\376\377\000M\000o\000r\000a\000l\000,\000\040\000I\000m\000m\000o\000r\000a\000l\000\040\000a\000n\000d\000\040\000A\000m\000o\000r\000a\000l\000\040\000A\000t\000t\000i\000t\000u\000d\000e\000s}{section.5.12}% 204
\BOOKMARK [0][-]{chapter.6}{\376\377\000A\000t\000t\000i\000t\000u\000d\000e\000,\000\040\000D\000e\000o\000n\000t\000o\000l\000o\000g\000y\000\040\000a\000n\000d\000\040\000U\000t\000i\000l\000i\000t\000a\000r\000i\000a\000n\000i\000s\000m}{}% 205
\BOOKMARK [1][-]{section.6.1}{\376\377\000A\000t\000t\000i\000t\000u\000d\000e\000\040\000\050\000c\000o\000n\000t\000i\000n\000u\000e\000d\000\051}{chapter.6}% 206
\BOOKMARK [2][-]{subsection.6.1.1}{\376\377\000C\000o\000g\000n\000i\000t\000i\000v\000e\000\040\000D\000i\000s\000s\000o\000n\000a\000n\000c\000e}{section.6.1}% 207
\BOOKMARK [2][-]{subsection.6.1.2}{\376\377\000P\000o\000l\000i\000t\000i\000c\000a\000l\000\040\000A\000t\000t\000i\000t\000u\000d\000e}{section.6.1}% 208
\BOOKMARK [2][-]{subsection.6.1.3}{\376\377\000S\000o\000c\000i\000a\000l\000\040\000I\000n\000f\000l\000u\000e\000n\000c\000e}{section.6.1}% 209
\BOOKMARK [2][-]{subsection.6.1.4}{\376\377\000P\000e\000r\000s\000u\000a\000s\000i\000o\000n}{section.6.1}% 210
\BOOKMARK [2][-]{subsection.6.1.5}{\376\377\000N\000u\000d\000g\000i\000n\000g}{section.6.1}% 211
\BOOKMARK [1][-]{section.6.2}{\376\377\000N\000o\000r\000m\000a\000t\000i\000v\000e\000\040\000E\000t\000h\000i\000c\000s\000\040\000\046\000\040\000D\000e\000o\000n\000t\000o\000l\000o\000g\000y\000\040\000\050\000I\000m\000m\000a\000n\000u\000e\000l\000\040\000K\000a\000n\000t\000\051}{chapter.6}% 212
\BOOKMARK [2][-]{subsection.6.2.1}{\376\377\000N\000o\000r\000m\000a\000t\000i\000v\000e\000\040\000E\000t\000h\000i\000c\000s\000\040\040\024\000\040\000T\000h\000e\000\040\000E\000t\000h\000i\000c\000a\000l\000\040\000S\000t\000a\000n\000d\000a\000r\000d\000s}{section.6.2}% 213
\BOOKMARK [2][-]{subsection.6.2.2}{\376\377\000C\000a\000s\000e\000\040\000S\000t\000u\000d\000y\000\040\040\024\000\040\000S\000P\000\040\000S\000u\000n\000i\000l\000\040\000\050\000A\000p\000p\000l\000y\000i\000n\000g\000\040\000t\000h\000e\000\040\000S\000t\000a\000n\000d\000a\000r\000d\000s\000\051}{section.6.2}% 214
\BOOKMARK [2][-]{subsection.6.2.3}{\376\377\000K\000a\000n\000t\000'\000s\000\040\000D\000e\000o\000n\000t\000o\000l\000o\000g\000y\000\040\040\024\000\040\000G\000o\000o\000d\000w\000i\000l\000l}{section.6.2}% 215
\BOOKMARK [2][-]{subsection.6.2.4}{\376\377\000T\000h\000e\000\040\000T\000w\000o\000\040\000F\000e\000a\000t\000u\000r\000e\000s\000\040\000o\000f\000\040\000a\000\040\000G\000o\000o\000d\000w\000i\000l\000l}{section.6.2}% 216
\BOOKMARK [2][-]{subsection.6.2.5}{\376\377\000T\000h\000e\000\040\000M\000o\000r\000a\000l\000\040\000L\000a\000w\000\040\000\046\000\040\000t\000h\000e\000\040\000C\000a\000t\000e\000g\000o\000r\000i\000c\000a\000l\000\040\000I\000m\000p\000e\000r\000a\000t\000i\000v\000e}{section.6.2}% 217
\BOOKMARK [2][-]{subsection.6.2.6}{\376\377\000C\000a\000t\000e\000g\000o\000r\000i\000c\000a\000l\000\040\000I\000m\000p\000e\000r\000a\000t\000i\000v\000e\000,\000\040\000M\000e\000r\000i\000t\000s\000\040\000\046\000\040\000D\000e\000m\000e\000r\000i\000t\000s\000\040\000o\000f\000\040\000K\000a\000n\000t}{section.6.2}% 218
\BOOKMARK [1][-]{section.6.3}{\376\377\000T\000e\000l\000e\000o\000l\000o\000g\000i\000c\000a\000l\000\040\000E\000t\000h\000i\000c\000s\000:\000\040\000U\000t\000i\000l\000i\000t\000a\000r\000i\000a\000n\000i\000s\000m}{chapter.6}% 219
\BOOKMARK [2][-]{subsection.6.3.1}{\376\377\000U\000t\000i\000l\000i\000t\000a\000r\000i\000a\000n\000i\000s\000m\000\040\040\024\000\040\000T\000h\000e\000\040\000C\000o\000r\000e\000\040\000I\000d\000e\000a}{section.6.3}% 220
\BOOKMARK [2][-]{subsection.6.3.2}{\376\377\000J\000e\000r\000e\000m\000y\000\040\000B\000e\000n\000t\000h\000a\000m\000\040\040\024\000\040\000Q\000u\000a\000n\000t\000i\000t\000a\000t\000i\000v\000e\000\040\000U\000t\000i\000l\000i\000t\000a\000r\000i\000a\000n\000i\000s\000m}{section.6.3}% 221
\BOOKMARK [2][-]{subsection.6.3.3}{\376\377\000J\000o\000h\000n\000\040\000S\000t\000u\000a\000r\000t\000\040\000M\000i\000l\000l\000\040\040\024\000\040\000Q\000u\000a\000l\000i\000t\000a\000t\000i\000v\000e\000\040\000U\000t\000i\000l\000i\000t\000a\000r\000i\000a\000n\000i\000s\000m}{section.6.3}% 222
\BOOKMARK [2][-]{subsection.6.3.4}{\376\377\000A\000c\000t\000\040\000U\000t\000i\000l\000i\000t\000a\000r\000i\000a\000n\000i\000s\000m\000\040\000v\000s\000\040\000R\000u\000l\000e\000\040\000U\000t\000i\000l\000i\000t\000a\000r\000i\000a\000n\000i\000s\000m}{section.6.3}% 223
\BOOKMARK [2][-]{subsection.6.3.5}{\376\377\000U\000t\000i\000l\000i\000t\000a\000r\000i\000a\000n\000i\000s\000m\000\040\000i\000n\000\040\000G\000o\000v\000e\000r\000n\000a\000n\000c\000e}{section.6.3}% 224
\BOOKMARK [2][-]{subsection.6.3.6}{\376\377\000M\000e\000r\000i\000t\000s\000\040\000\046\000\040\000D\000e\000m\000e\000r\000i\000t\000s\000\040\000o\000f\000\040\000U\000t\000i\000l\000i\000t\000a\000r\000i\000a\000n\000i\000s\000m}{section.6.3}% 225
\BOOKMARK [0][-]{chapter.7}{\376\377\000E\000t\000h\000i\000c\000a\000l\000\040\000E\000g\000o\000i\000s\000m\000,\000\040\000V\000i\000r\000t\000u\000e\000\040\000E\000t\000h\000i\000c\000s\000,\000\040\000W\000e\000b\000e\000r\000\040\000\046\000\040\000R\000a\000w\000l\000s}{}% 226
\BOOKMARK [1][-]{section.7.1}{\376\377\000E\000t\000h\000i\000c\000a\000l\000\040\000E\000g\000o\000i\000s\000m}{chapter.7}% 227
\BOOKMARK [1][-]{section.7.2}{\376\377\000V\000i\000r\000t\000u\000e\000\040\000E\000t\000h\000i\000c\000s}{chapter.7}% 228
\BOOKMARK [1][-]{section.7.3}{\376\377\000V\000i\000r\000t\000u\000e\000\040\000E\000t\000h\000i\000c\000s\000:\000\040\000S\000o\000c\000r\000a\000t\000e\000s}{chapter.7}% 229
\BOOKMARK [1][-]{section.7.4}{\376\377\000V\000i\000r\000t\000u\000e\000\040\000E\000t\000h\000i\000c\000s\000:\000\040\000P\000l\000a\000t\000o}{chapter.7}% 230
\BOOKMARK [1][-]{section.7.5}{\376\377\000V\000i\000r\000t\000u\000e\000\040\000E\000t\000h\000i\000c\000s\000:\000\040\000A\000r\000i\000s\000t\000o\000t\000l\000e\000\040\000\046\000\040\000t\000h\000e\000\040\000G\000o\000l\000d\000e\000n\000\040\000M\000e\000a\000n}{chapter.7}% 231
\BOOKMARK [1][-]{section.7.6}{\376\377\000M\000a\000x\000\040\000W\000e\000b\000e\000r\000\040\000\046\000\040\000B\000u\000r\000e\000a\000u\000c\000r\000a\000c\000y}{chapter.7}% 232
\BOOKMARK [1][-]{section.7.7}{\376\377\000J\000o\000h\000n\000\040\000R\000a\000w\000l\000s\000:\000\040\000J\000u\000s\000t\000i\000c\000e\000\040\000a\000s\000\040\000F\000a\000i\000r\000n\000e\000s\000s}{chapter.7}% 233
\BOOKMARK [1][-]{section.7.8}{\376\377\000R\000i\000g\000h\000t\000s\000,\000\040\000N\000a\000t\000u\000r\000a\000l\000\040\000R\000i\000g\000h\000t\000s\000\040\000\046\000\040\000S\000o\000c\000i\000a\000l\000\040\000C\000o\000n\000t\000r\000a\000c\000t}{chapter.7}% 234
\BOOKMARK [1][-]{section.7.9}{\376\377\000E\000t\000h\000i\000c\000a\000l\000\040\000D\000i\000l\000e\000m\000m\000a}{chapter.7}% 235
\BOOKMARK [1][-]{section.7.10}{\376\377\000C\000o\000n\000f\000l\000i\000c\000t\000\040\000o\000f\000\040\000I\000n\000t\000e\000r\000e\000s\000t}{chapter.7}% 236
\BOOKMARK [0][-]{chapter.8}{\376\377\000I\000n\000s\000t\000i\000t\000u\000t\000i\000o\000n\000s\000,\000\040\000L\000a\000w\000,\000\040\000C\000o\000n\000s\000c\000i\000e\000n\000c\000e\000,\000\040\000C\000o\000r\000p\000o\000r\000a\000t\000e\000\040\000G\000o\000v\000e\000r\000n\000a\000n\000c\000e\000\040\000\046\000\040\000E\000t\000h\000i\000c\000s\000\040\000i\000n\000\040\000I\000R}{}% 237
\BOOKMARK [1][-]{section.8.1}{\376\377\000E\000t\000h\000i\000c\000a\000l\000\040\000C\000o\000n\000c\000e\000r\000n\000s\000\040\000\046\000\040\000D\000i\000l\000e\000m\000m\000a\000s\000\040\000i\000n\000\040\000P\000u\000b\000l\000i\000c\000\040\000a\000n\000d\000\040\000P\000r\000i\000v\000a\000t\000e\000\040\000I\000n\000s\000t\000i\000t\000u\000t\000i\000o\000n\000s}{chapter.8}% 238
\BOOKMARK [2][-]{subsection.8.1.1}{\376\377\000F\000o\000u\000n\000d\000a\000t\000i\000o\000n\000a\000l\000\040\000B\000a\000c\000k\000d\000r\000o\000p\000\040\040\024\000\040\000T\000h\000e\000\040\000S\000o\000c\000i\000a\000l\000\040\000C\000o\000n\000t\000r\000a\000c\000t}{section.8.1}% 239
\BOOKMARK [2][-]{subsection.8.1.2}{\376\377\000P\000u\000b\000l\000i\000c\000\040\000A\000d\000m\000i\000n\000i\000s\000t\000r\000a\000t\000i\000o\000n\000\040\000v\000s\000\040\000P\000r\000i\000v\000a\000t\000e\000\040\000A\000d\000m\000i\000n\000i\000s\000t\000r\000a\000t\000i\000o\000n}{section.8.1}% 240
\BOOKMARK [2][-]{subsection.8.1.3}{\376\377\000C\000h\000a\000n\000g\000i\000n\000g\000\040\000V\000a\000l\000u\000e\000s\000\040\000u\000n\000d\000e\000r\000\040\000G\000l\000o\000b\000a\000l\000i\000s\000a\000t\000i\000o\000n}{section.8.1}% 241
\BOOKMARK [2][-]{subsection.8.1.4}{\376\377\000N\000o\000t\000e\000\040\040\024\000\040\000C\000o\000n\000f\000l\000i\000c\000t\000\040\000o\000f\000\040\000I\000n\000t\000e\000r\000e\000s\000t\000\040\000v\000s\000\040\000E\000t\000h\000i\000c\000a\000l\000\040\000D\000i\000l\000e\000m\000m\000a}{section.8.1}% 242
\BOOKMARK [2][-]{subsection.8.1.5}{\376\377\000E\000t\000h\000i\000c\000a\000l\000\040\000I\000m\000p\000e\000r\000a\000t\000i\000v\000e\000\040\000i\000n\000\040\000P\000u\000b\000l\000i\000c\000\040\000A\000d\000m\000i\000n\000i\000s\000t\000r\000a\000t\000i\000o\000n}{section.8.1}% 243
\BOOKMARK [2][-]{subsection.8.1.6}{\376\377\000E\000t\000h\000i\000c\000a\000l\000\040\000C\000h\000a\000l\000l\000e\000n\000g\000e\000s\000\040\000i\000n\000\040\000P\000u\000b\000l\000i\000c\000\040\000A\000d\000m\000i\000n\000i\000s\000t\000r\000a\000t\000i\000o\000n}{section.8.1}% 244
\BOOKMARK [1][-]{section.8.2}{\376\377\000L\000a\000w\000\040\000a\000s\000\040\000a\000\040\000S\000o\000u\000r\000c\000e\000\040\000o\000f\000\040\000E\000t\000h\000i\000c\000a\000l\000\040\000G\000u\000i\000d\000a\000n\000c\000e}{chapter.8}% 245
\BOOKMARK [2][-]{subsection.8.2.1}{\376\377\000I\000m\000p\000o\000r\000t\000a\000n\000c\000e\000\040\000o\000f\000\040\000L\000a\000w}{section.8.2}% 246
\BOOKMARK [2][-]{subsection.8.2.2}{\376\377\000L\000i\000m\000i\000t\000a\000t\000i\000o\000n\000s\000\040\000o\000f\000\040\000L\000a\000w}{section.8.2}% 247
\BOOKMARK [1][-]{section.8.3}{\376\377\000C\000o\000n\000s\000c\000i\000e\000n\000c\000e\000\040\000a\000s\000\040\000a\000\040\000S\000o\000u\000r\000c\000e\000\040\000o\000f\000\040\000E\000t\000h\000i\000c\000a\000l\000\040\000G\000u\000i\000d\000a\000n\000c\000e}{chapter.8}% 248
\BOOKMARK [2][-]{subsection.8.3.1}{\376\377\000W\000h\000a\000t\000\040\000C\000o\000n\000s\000c\000i\000e\000n\000c\000e\000\040\000I\000s}{section.8.3}% 249
\BOOKMARK [2][-]{subsection.8.3.2}{\376\377\000H\000o\000w\000\040\000C\000o\000n\000s\000c\000i\000e\000n\000c\000e\000\040\000B\000e\000c\000o\000m\000e\000s\000\040\000a\000\040\000S\000o\000u\000r\000c\000e\000\040\000o\000f\000\040\000G\000u\000i\000d\000a\000n\000c\000e}{section.8.3}% 250
\BOOKMARK [2][-]{subsection.8.3.3}{\376\377\000C\000o\000n\000s\000c\000i\000e\000n\000c\000e\000\040\000D\000e\000m\000a\000n\000d\000s\000\040\000P\000e\000r\000s\000o\000n\000a\000l\000\040\000R\000e\000s\000p\000o\000n\000s\000i\000b\000i\000l\000i\000t\000y}{section.8.3}% 251
\BOOKMARK [2][-]{subsection.8.3.4}{\376\377\000C\000o\000n\000s\000c\000i\000e\000n\000c\000e\000\040\000v\000s\000\040\000L\000a\000w}{section.8.3}% 252
\BOOKMARK [2][-]{subsection.8.3.5}{\376\377\000C\000a\000n\000\040\000Y\000o\000u\000\040\000A\000l\000w\000a\000y\000s\000\040\000R\000e\000l\000y\000\040\000o\000n\000\040\000C\000o\000n\000s\000c\000i\000e\000n\000c\000e\000?\000\040\000\050\000I\000s\000\040\000i\000t\000\040\000a\000n\000\040\000I\000n\000f\000a\000l\000l\000i\000b\000l\000e\000\040\000G\000u\000i\000d\000e\000?\000\051}{section.8.3}% 253
\BOOKMARK [2][-]{subsection.8.3.6}{\376\377\000U\000P\000S\000C\000\040\000P\000Y\000Q\000\040\040\024\000\040\000M\000a\000x\000\040\000W\000e\000b\000e\000r\000\040\000o\000n\000\040\000B\000u\000r\000e\000a\000u\000c\000r\000a\000t\000i\000c\000\040\000M\000o\000r\000a\000l\000i\000t\000y}{section.8.3}% 254
\BOOKMARK [2][-]{subsection.8.3.7}{\376\377\000C\000r\000i\000s\000i\000s\000\040\000o\000f\000\040\000C\000o\000n\000s\000c\000i\000e\000n\000c\000e}{section.8.3}% 255
\BOOKMARK [1][-]{section.8.4}{\376\377\000C\000o\000r\000p\000o\000r\000a\000t\000e\000\040\000G\000o\000v\000e\000r\000n\000a\000n\000c\000e\000\040\040\024\000\040\000E\000t\000h\000i\000c\000s\000\040\000i\000n\000\040\000P\000r\000i\000v\000a\000t\000e\000\040\000I\000n\000s\000t\000i\000t\000u\000t\000i\000o\000n\000s}{chapter.8}% 256
\BOOKMARK [2][-]{subsection.8.4.1}{\376\377\000W\000h\000y\000\040\000W\000e\000\040\000S\000t\000u\000d\000y\000\040\000T\000h\000i\000s\000\040\000T\000o\000p\000i\000c\000\040\000\050\000T\000h\000e\000\040\000C\000o\000r\000e\000\040\000A\000r\000g\000u\000m\000e\000n\000t\000\051}{section.8.4}% 257
\BOOKMARK [2][-]{subsection.8.4.2}{\376\377\000W\000h\000a\000t\000\040\000C\000o\000r\000p\000o\000r\000a\000t\000e\000\040\000G\000o\000v\000e\000r\000n\000a\000n\000c\000e\000\040\000I\000s}{section.8.4}% 258
\BOOKMARK [2][-]{subsection.8.4.3}{\376\377\000O\000b\000l\000i\000g\000a\000t\000i\000o\000n\000s\000\040\000T\000o\000w\000a\000r\000d\000s\000\040\000S\000h\000a\000r\000e\000h\000o\000l\000d\000e\000r\000s}{section.8.4}% 259
\BOOKMARK [2][-]{subsection.8.4.4}{\376\377\000O\000b\000l\000i\000g\000a\000t\000i\000o\000n\000s\000\040\000T\000o\000w\000a\000r\000d\000s\000\040\000C\000o\000n\000s\000u\000m\000e\000r\000s}{section.8.4}% 260
\BOOKMARK [2][-]{subsection.8.4.5}{\376\377\000O\000b\000l\000i\000g\000a\000t\000i\000o\000n\000s\000\040\000T\000o\000w\000a\000r\000d\000s\000\040\000E\000m\000p\000l\000o\000y\000e\000e\000s}{section.8.4}% 261
\BOOKMARK [2][-]{subsection.8.4.6}{\376\377\000O\000b\000l\000i\000g\000a\000t\000i\000o\000n\000s\000\040\000T\000o\000w\000a\000r\000d\000s\000\040\000G\000o\000v\000e\000r\000n\000m\000e\000n\000t\000\040\000/\000\040\000R\000e\000g\000u\000l\000a\000t\000o\000r\000s}{section.8.4}% 262
\BOOKMARK [2][-]{subsection.8.4.7}{\376\377\000O\000b\000l\000i\000g\000a\000t\000i\000o\000n\000s\000\040\000T\000o\000w\000a\000r\000d\000s\000\040\000S\000o\000c\000i\000e\000t\000y}{section.8.4}% 263
\BOOKMARK [2][-]{subsection.8.4.8}{\376\377\000E\000t\000h\000i\000c\000a\000l\000\040\000C\000o\000n\000c\000e\000r\000n\000s\000\040\000i\000n\000\040\000C\000o\000r\000p\000o\000r\000a\000t\000e\000\040\000G\000o\000v\000e\000r\000n\000a\000n\000c\000e\000\040\000\050\000I\000n\000d\000i\000a\000\051}{section.8.4}% 264
\BOOKMARK [2][-]{subsection.8.4.9}{\376\377\000C\000o\000m\000p\000a\000n\000i\000e\000s\000\040\000A\000c\000t\000\040\0002\0000\0001\0003\000\040\040\024\000\040\000P\000r\000o\000v\000i\000s\000i\000o\000n\000s\000\040\000f\000o\000r\000\040\000E\000t\000h\000i\000c\000a\000l\000\040\000G\000o\000v\000e\000r\000n\000a\000n\000c\000e}{section.8.4}% 265
\BOOKMARK [2][-]{subsection.8.4.10}{\376\377\000I\000s\000s\000u\000e\000s\000\040\000/\000\040\000L\000i\000m\000i\000t\000a\000t\000i\000o\000n\000s\000\040\000o\000f\000\040\000C\000S\000R}{section.8.4}% 266
\BOOKMARK [1][-]{section.8.5}{\376\377\000E\000t\000h\000i\000c\000s\000\040\000i\000n\000\040\000I\000n\000t\000e\000r\000n\000a\000t\000i\000o\000n\000a\000l\000\040\000R\000e\000l\000a\000t\000i\000o\000n\000s}{chapter.8}% 267
\BOOKMARK [2][-]{subsection.8.5.1}{\376\377\000B\000a\000c\000k\000g\000r\000o\000u\000n\000d\000\040\040\024\000\040\000`\000`\000T\000h\000e\000r\000e\000\040\000i\000s\000\040\000N\000o\000\040\000P\000l\000a\000c\000e\000\040\000f\000o\000r\000\040\000P\000r\000i\000n\000c\000i\000p\000l\000e\000s\000\040\000i\000n\000\040\000P\000o\000l\000i\000t\000i\000c\000s\000'\000'}{section.8.5}% 268
\BOOKMARK [2][-]{subsection.8.5.2}{\376\377\000W\000h\000y\000\040\000I\000n\000t\000e\000r\000n\000a\000t\000i\000o\000n\000a\000l\000\040\000R\000e\000l\000a\000t\000i\000o\000n\000s\000\040\000A\000r\000e\000\040\000D\000i\000f\000f\000e\000r\000e\000n\000t\000\040\040\024\000\040\000T\000h\000e\000\040\000A\000n\000a\000l\000o\000g\000y}{section.8.5}% 269
\BOOKMARK [2][-]{subsection.8.5.3}{\376\377\000W\000h\000y\000\040\000C\000o\000u\000n\000t\000r\000i\000e\000s\000\040\000S\000h\000o\000u\000l\000d\000\040\000B\000e\000\040\000E\000t\000h\000i\000c\000a\000l\000\040\040\024\000\040\000T\000h\000e\000\040\000A\000r\000g\000u\000m\000e\000n\000t\000s}{section.8.5}% 270
\BOOKMARK [2][-]{subsection.8.5.4}{\376\377\000W\000h\000i\000c\000h\000\040\000E\000t\000h\000i\000c\000a\000l\000\040\000P\000r\000i\000n\000c\000i\000p\000l\000e\000s\000\040\000t\000o\000\040\000F\000o\000l\000l\000o\000w\000\040\000i\000n\000\040\000I\000R}{section.8.5}% 271
\BOOKMARK [2][-]{subsection.8.5.5}{\376\377\000E\000t\000h\000i\000c\000a\000l\000\040\000C\000o\000n\000c\000e\000r\000n\000s\000\040\000i\000n\000\040\000I\000R\000\040\000\050\000C\000u\000r\000r\000e\000n\000t\000-\000A\000f\000f\000a\000i\000r\000s\000\040\000E\000x\000a\000m\000p\000l\000e\000s\000\051}{section.8.5}% 272
\BOOKMARK [2][-]{subsection.8.5.6}{\376\377\000E\000t\000h\000i\000c\000a\000l\000\040\000I\000s\000s\000u\000e\000s\000\040\000i\000n\000\040\000I\000n\000t\000e\000r\000n\000a\000t\000i\000o\000n\000a\000l\000\040\000F\000u\000n\000d\000i\000n\000g}{section.8.5}% 273
\BOOKMARK [1][-]{section.8.6}{\376\377\000J\000u\000s\000t\000\040\000W\000a\000r\000\040\000T\000h\000e\000o\000r\000y}{chapter.8}% 274
\BOOKMARK [2][-]{subsection.8.6.1}{\376\377\000T\000h\000e\000\040\000L\000o\000g\000i\000c\000\040\000o\000f\000\040\000F\000o\000r\000e\000s\000e\000e\000a\000b\000l\000e\000\040\000C\000o\000n\000s\000e\000q\000u\000e\000n\000c\000e\000s}{section.8.6}% 275
\BOOKMARK [2][-]{subsection.8.6.2}{\376\377\000P\000r\000i\000n\000c\000i\000p\000l\000e\000s\000\040\000B\000e\000f\000o\000r\000e\000\040\000W\000a\000r\000\040\000\050\000J\000u\000s\000\040\000a\000d\000\040\000B\000e\000l\000l\000u\000m\000\051}{section.8.6}% 276
\BOOKMARK [2][-]{subsection.8.6.3}{\376\377\000D\000u\000r\000i\000n\000g\000\040\000W\000a\000r\000\040\000\050\000J\000u\000s\000\040\000i\000n\000\040\000B\000e\000l\000l\000o\000\051\000\040\000\046\000\040\000A\000f\000t\000e\000r\000\040\000W\000a\000r\000\040\000\050\000J\000u\000s\000\040\000p\000o\000s\000t\000\040\000B\000e\000l\000l\000u\000m\000\051}{section.8.6}% 277
\BOOKMARK [2][-]{subsection.8.6.4}{\376\377\000P\000u\000r\000p\000o\000s\000e\000\040\000\046\000\040\000E\000x\000a\000m\000\040\000A\000p\000p\000l\000i\000c\000a\000t\000i\000o\000n}{section.8.6}% 278
\BOOKMARK [0][-]{chapter.9}{\376\377\000S\000e\000r\000v\000i\000c\000e\000\040\000D\000e\000l\000i\000v\000e\000r\000y\000,\000\040\000C\000o\000d\000e\000s\000,\000\040\000T\000r\000a\000n\000s\000p\000a\000r\000e\000n\000c\000y\000,\000\040\000A\000c\000c\000o\000u\000n\000t\000a\000b\000i\000l\000i\000t\000y\000\040\000\046\000\040\000P\000r\000o\000b\000i\000t\000y}{}% 279
\BOOKMARK [1][-]{section.9.1}{\376\377\000J\000u\000s\000t\000\040\000W\000a\000r\000\040\000T\000h\000e\000o\000r\000y\000\040\040\024\000\040\000D\000u\000r\000i\000n\000g\000\040\000W\000a\000r\000\040\000a\000n\000d\000\040\000A\000f\000t\000e\000r\000\040\000W\000a\000r}{chapter.9}% 280
\BOOKMARK [2][-]{subsection.9.1.1}{\376\377\000D\000u\000r\000i\000n\000g\000\040\000W\000a\000r\000\040\000\050\000J\000u\000s\000\040\000i\000n\000\040\000B\000e\000l\000l\000o\000\051\000\040\040\024\000\040\000P\000r\000i\000n\000c\000i\000p\000l\000e\000s}{section.9.1}% 281
\BOOKMARK [2][-]{subsection.9.1.2}{\376\377\000A\000f\000t\000e\000r\000\040\000W\000a\000r\000\040\000\050\000J\000u\000s\000\040\000P\000o\000s\000t\000\040\000B\000e\000l\000l\000u\000m\000\051\000\040\040\024\000\040\000P\000r\000i\000n\000c\000i\000p\000l\000e\000s}{section.9.1}% 282
\BOOKMARK [1][-]{section.9.2}{\376\377\000Q\000u\000a\000l\000i\000t\000y\000\040\000o\000f\000\040\000S\000e\000r\000v\000i\000c\000e\000\040\000D\000e\000l\000i\000v\000e\000r\000y}{chapter.9}% 283
\BOOKMARK [2][-]{subsection.9.2.1}{\376\377\000D\000e\000f\000i\000n\000i\000t\000i\000o\000n}{section.9.2}% 284
\BOOKMARK [2][-]{subsection.9.2.2}{\376\377\000P\000a\000r\000a\000m\000e\000t\000e\000r\000s\000\040\000o\000f\000\040\000Q\000u\000a\000l\000i\000t\000y\000\040\000o\000f\000\040\000S\000e\000r\000v\000i\000c\000e\000\040\000D\000e\000l\000i\000v\000e\000r\000y}{section.9.2}% 285
\BOOKMARK [2][-]{subsection.9.2.3}{\376\377\000R\000e\000a\000s\000o\000n\000s\000\040\000f\000o\000r\000\040\000P\000o\000o\000r\000\040\000Q\000u\000a\000l\000i\000t\000y\000\040\000o\000f\000\040\000S\000e\000r\000v\000i\000c\000e\000\040\000D\000e\000l\000i\000v\000e\000r\000y}{section.9.2}% 286
\BOOKMARK [1][-]{section.9.3}{\376\377\000C\000o\000d\000e\000\040\000o\000f\000\040\000C\000o\000n\000d\000u\000c\000t\000\040\000a\000n\000d\000\040\000C\000o\000d\000e\000\040\000o\000f\000\040\000E\000t\000h\000i\000c\000s}{chapter.9}% 287
\BOOKMARK [2][-]{subsection.9.3.1}{\376\377\000T\000h\000e\000\040\000T\000h\000r\000e\000e\000-\000T\000i\000e\000r\000e\000d\000\040\000F\000r\000a\000m\000e\000w\000o\000r\000k\000\040\000\050\000S\000e\000c\000o\000n\000d\000\040\000A\000R\000C\000\040\000R\000e\000c\000o\000m\000m\000e\000n\000d\000a\000t\000i\000o\000n\000\051}{section.9.3}% 288
\BOOKMARK [2][-]{subsection.9.3.2}{\376\377\000U\000n\000d\000e\000r\000s\000t\000a\000n\000d\000i\000n\000g\000\040\000C\000o\000d\000e\000\040\000o\000f\000\040\000C\000o\000n\000d\000u\000c\000t}{section.9.3}% 289
\BOOKMARK [2][-]{subsection.9.3.3}{\376\377\000U\000n\000d\000e\000r\000s\000t\000a\000n\000d\000i\000n\000g\000\040\000C\000o\000d\000e\000\040\000o\000f\000\040\000E\000t\000h\000i\000c\000s}{section.9.3}% 290
\BOOKMARK [2][-]{subsection.9.3.4}{\376\377\000R\000e\000l\000a\000t\000i\000o\000n\000s\000h\000i\000p\000\040\000B\000e\000t\000w\000e\000e\000n\000\040\000t\000h\000e\000\040\000T\000h\000r\000e\000e\000\040\000T\000i\000e\000r\000s}{section.9.3}% 291
\BOOKMARK [2][-]{subsection.9.3.5}{\376\377\000C\000o\000d\000e\000\040\000o\000f\000\040\000C\000o\000n\000d\000u\000c\000t\000\040\000i\000s\000\040\000A\000p\000p\000l\000i\000c\000a\000t\000i\000o\000n\000\040\000o\000f\000\040\000C\000o\000d\000e\000\040\000o\000f\000\040\000E\000t\000h\000i\000c\000s\000\040\000i\000n\000\040\000S\000p\000e\000c\000i\000f\000i\000c\000\040\000S\000i\000t\000u\000a\000t\000i\000o\000n\000s}{section.9.3}% 292
\BOOKMARK [2][-]{subsection.9.3.6}{\376\377\000L\000i\000m\000i\000t\000a\000t\000i\000o\000n\000s\000\040\000o\000f\000\040\000C\000o\000d\000e\000\040\000o\000f\000\040\000C\000o\000n\000d\000u\000c\000t}{section.9.3}% 293
\BOOKMARK [2][-]{subsection.9.3.7}{\376\377\000W\000h\000y\000\040\000C\000o\000d\000e\000\040\000o\000f\000\040\000E\000t\000h\000i\000c\000s\000\040\000I\000s\000\040\000I\000m\000p\000o\000r\000t\000a\000n\000t}{section.9.3}% 294
\BOOKMARK [1][-]{section.9.4}{\376\377\000C\000i\000t\000i\000z\000e\000n\000\040\000C\000h\000a\000r\000t\000e\000r}{chapter.9}% 295
\BOOKMARK [2][-]{subsection.9.4.1}{\376\377\000B\000a\000c\000k\000g\000r\000o\000u\000n\000d\000\040\000a\000n\000d\000\040\000C\000o\000n\000t\000e\000x\000t}{section.9.4}% 296
\BOOKMARK [2][-]{subsection.9.4.2}{\376\377\000D\000e\000f\000i\000n\000i\000t\000i\000o\000n\000\040\000a\000n\000d\000\040\000C\000o\000m\000p\000o\000n\000e\000n\000t\000s}{section.9.4}% 297
\BOOKMARK [2][-]{subsection.9.4.3}{\376\377\000C\000a\000s\000e\000\040\000S\000t\000u\000d\000i\000e\000s}{section.9.4}% 298
\BOOKMARK [2][-]{subsection.9.4.4}{\376\377\000P\000u\000r\000p\000o\000s\000e\000\040\000a\000n\000d\000\040\000S\000i\000g\000n\000i\000f\000i\000c\000a\000n\000c\000e}{section.9.4}% 299
\BOOKMARK [2][-]{subsection.9.4.5}{\376\377\000L\000i\000m\000i\000t\000a\000t\000i\000o\000n\000s\000\040\000o\000f\000\040\000C\000i\000t\000i\000z\000e\000n\000\040\000C\000h\000a\000r\000t\000e\000r}{section.9.4}% 300
\BOOKMARK [2][-]{subsection.9.4.6}{\376\377\000M\000e\000a\000s\000u\000r\000e\000s\000\040\000t\000o\000\040\000I\000m\000p\000r\000o\000v\000e\000\040\000\050\000S\000e\000c\000o\000n\000d\000\040\000A\000R\000C\000\040\000R\000e\000c\000o\000m\000m\000e\000n\000d\000a\000t\000i\000o\000n\000s\000\051}{section.9.4}% 301
\BOOKMARK [1][-]{section.9.5}{\376\377\000W\000o\000r\000k\000\040\000C\000u\000l\000t\000u\000r\000e}{chapter.9}% 302
\BOOKMARK [2][-]{subsection.9.5.1}{\376\377\000D\000e\000f\000i\000n\000i\000t\000i\000o\000n}{section.9.5}% 303
\BOOKMARK [2][-]{subsection.9.5.2}{\376\377\000D\000i\000m\000e\000n\000s\000i\000o\000n\000s\000\040\000o\000f\000\040\000W\000o\000r\000k\000\040\000C\000u\000l\000t\000u\000r\000e}{section.9.5}% 304
\BOOKMARK [2][-]{subsection.9.5.3}{\376\377\000P\000o\000s\000i\000t\000i\000v\000e\000\040\000W\000o\000r\000k\000\040\000C\000u\000l\000t\000u\000r\000e\000\040\040\024\000\040\000C\000h\000a\000r\000a\000c\000t\000e\000r\000i\000s\000t\000i\000c\000s\000\040\000a\000n\000d\000\040\000E\000x\000a\000m\000p\000l\000e\000s}{section.9.5}% 305
\BOOKMARK [2][-]{subsection.9.5.4}{\376\377\000N\000e\000g\000a\000t\000i\000v\000e\000\040\000W\000o\000r\000k\000\040\000C\000u\000l\000t\000u\000r\000e\000\040\040\024\000\040\000C\000h\000a\000r\000a\000c\000t\000e\000r\000i\000s\000t\000i\000c\000s\000\040\000a\000n\000d\000\040\000E\000x\000a\000m\000p\000l\000e\000s}{section.9.5}% 306
\BOOKMARK [2][-]{subsection.9.5.5}{\376\377\000D\000e\000t\000e\000r\000m\000i\000n\000a\000n\000t\000s\000\040\000o\000f\000\040\000W\000o\000r\000k\000\040\000C\000u\000l\000t\000u\000r\000e}{section.9.5}% 307
\BOOKMARK [1][-]{section.9.6}{\376\377\000T\000r\000a\000n\000s\000p\000a\000r\000e\000n\000c\000y\000\040\000a\000n\000d\000\040\000A\000c\000c\000o\000u\000n\000t\000a\000b\000i\000l\000i\000t\000y}{chapter.9}% 308
\BOOKMARK [2][-]{subsection.9.6.1}{\376\377\000T\000r\000a\000n\000s\000p\000a\000r\000e\000n\000c\000y}{section.9.6}% 309
\BOOKMARK [2][-]{subsection.9.6.2}{\376\377\000A\000c\000c\000o\000u\000n\000t\000a\000b\000i\000l\000i\000t\000y}{section.9.6}% 310
\BOOKMARK [2][-]{subsection.9.6.3}{\376\377\000T\000r\000a\000d\000i\000t\000i\000o\000n\000a\000l\000\040\000F\000o\000r\000m\000s\000\040\000o\000f\000\040\000A\000c\000c\000o\000u\000n\000t\000a\000b\000i\000l\000i\000t\000y}{section.9.6}% 311
\BOOKMARK [2][-]{subsection.9.6.4}{\376\377\000L\000i\000m\000i\000t\000a\000t\000i\000o\000n\000s\000\040\000o\000f\000\040\000T\000r\000a\000d\000i\000t\000i\000o\000n\000a\000l\000\040\000A\000c\000c\000o\000u\000n\000t\000a\000b\000i\000l\000i\000t\000y}{section.9.6}% 312
\BOOKMARK [2][-]{subsection.9.6.5}{\376\377\000S\000o\000c\000i\000a\000l\000\040\000A\000c\000c\000o\000u\000n\000t\000a\000b\000i\000l\000i\000t\000y\000\040\000M\000e\000c\000h\000a\000n\000i\000s\000m\000s}{section.9.6}% 313
\BOOKMARK [1][-]{section.9.7}{\376\377\000S\000o\000c\000i\000a\000l\000\040\000A\000u\000d\000i\000t}{chapter.9}% 314
\BOOKMARK [2][-]{subsection.9.7.1}{\376\377\000D\000e\000f\000i\000n\000i\000t\000i\000o\000n}{section.9.7}% 315
\BOOKMARK [2][-]{subsection.9.7.2}{\376\377\000W\000h\000y\000\040\000S\000o\000c\000i\000a\000l\000\040\000A\000u\000d\000i\000t\000\040\000I\000s\000\040\000N\000e\000e\000d\000e\000d}{section.9.7}% 316
\BOOKMARK [2][-]{subsection.9.7.3}{\376\377\000H\000o\000w\000\040\000S\000o\000c\000i\000a\000l\000\040\000A\000u\000d\000i\000t\000\040\000W\000o\000r\000k\000s\000\040\000\050\000M\000N\000A\000R\000E\000G\000A\000\040\000E\000x\000a\000m\000p\000l\000e\000\051}{section.9.7}% 317
\BOOKMARK [2][-]{subsection.9.7.4}{\376\377\000C\000a\000s\000e\000\040\000S\000t\000u\000d\000y\000:\000\040\000M\000e\000g\000h\000a\000l\000a\000y\000a}{section.9.7}% 318
\BOOKMARK [2][-]{subsection.9.7.5}{\376\377\000B\000e\000n\000e\000f\000i\000t\000s\000\040\000o\000f\000\040\000S\000o\000c\000i\000a\000l\000\040\000A\000u\000d\000i\000t}{section.9.7}% 319
\BOOKMARK [2][-]{subsection.9.7.6}{\376\377\000L\000i\000m\000i\000t\000a\000t\000i\000o\000n\000s\000\040\000o\000f\000\040\000S\000o\000c\000i\000a\000l\000\040\000A\000u\000d\000i\000t}{section.9.7}% 320
\BOOKMARK [1][-]{section.9.8}{\376\377\000R\000i\000g\000h\000t\000\040\000t\000o\000\040\000I\000n\000f\000o\000r\000m\000a\000t\000i\000o\000n\000\040\000\050\000R\000T\000I\000\051}{chapter.9}% 321
\BOOKMARK [2][-]{subsection.9.8.1}{\376\377\000O\000v\000e\000r\000v\000i\000e\000w}{section.9.8}% 322
\BOOKMARK [2][-]{subsection.9.8.2}{\376\377\000R\000T\000I\000\040\000a\000s\000\040\000a\000\040\000S\000o\000c\000i\000a\000l\000\040\000A\000c\000c\000o\000u\000n\000t\000a\000b\000i\000l\000i\000t\000y\000\040\000T\000o\000o\000l}{section.9.8}% 323
\BOOKMARK [2][-]{subsection.9.8.3}{\376\377\000B\000e\000n\000e\000f\000i\000t\000s\000\040\000o\000f\000\040\000R\000T\000I}{section.9.8}% 324
\BOOKMARK [2][-]{subsection.9.8.4}{\376\377\000L\000i\000m\000i\000t\000a\000t\000i\000o\000n\000s\000\040\000a\000n\000d\000\040\000C\000h\000a\000l\000l\000e\000n\000g\000e\000s\000\040\000o\000f\000\040\000R\000T\000I\000\040\000I\000m\000p\000l\000e\000m\000e\000n\000t\000a\000t\000i\000o\000n}{section.9.8}% 325
\BOOKMARK [1][-]{section.9.9}{\376\377\000P\000r\000o\000b\000i\000t\000y\000\040\000i\000n\000\040\000G\000o\000v\000e\000r\000n\000a\000n\000c\000e}{chapter.9}% 326
\BOOKMARK [2][-]{subsection.9.9.1}{\376\377\000P\000r\000o\000b\000i\000t\000y\000\040\000v\000s\000.\000\040\000I\000n\000t\000e\000g\000r\000i\000t\000y}{section.9.9}% 327
\BOOKMARK [2][-]{subsection.9.9.2}{\376\377\000R\000e\000a\000s\000o\000n\000s\000\040\000f\000o\000r\000\040\000D\000e\000c\000l\000i\000n\000i\000n\000g\000\040\000P\000r\000o\000b\000i\000t\000y}{section.9.9}% 328
\BOOKMARK [2][-]{subsection.9.9.3}{\376\377\000P\000h\000i\000l\000o\000s\000o\000p\000h\000i\000c\000a\000l\000\040\000B\000a\000s\000i\000s\000\040\000o\000f\000\040\000P\000r\000o\000b\000i\000t\000y\000\040\000i\000n\000\040\000G\000o\000v\000e\000r\000n\000a\000n\000c\000e}{section.9.9}% 329
\BOOKMARK [1][-]{section.9.10}{\376\377\000U\000t\000i\000l\000i\000z\000a\000t\000i\000o\000n\000\040\000o\000f\000\040\000P\000u\000b\000l\000i\000c\000\040\000F\000u\000n\000d\000s}{chapter.9}% 330
\BOOKMARK [2][-]{subsection.9.10.1}{\376\377\000O\000v\000e\000r\000v\000i\000e\000w}{section.9.10}% 331
\BOOKMARK [2][-]{subsection.9.10.2}{\376\377\000R\000e\000a\000s\000o\000n\000s\000\040\000f\000o\000r\000\040\000U\000n\000d\000e\000r\000-\000U\000t\000i\000l\000i\000z\000a\000t\000i\000o\000n\000\040\000o\000f\000\040\000P\000u\000b\000l\000i\000c\000\040\000F\000u\000n\000d\000s}{section.9.10}% 332
\BOOKMARK [2][-]{subsection.9.10.3}{\376\377\000R\000e\000a\000s\000o\000n\000s\000\040\000f\000o\000r\000\040\000M\000i\000s\000-\000U\000t\000i\000l\000i\000z\000a\000t\000i\000o\000n\000\040\000o\000f\000\040\000P\000u\000b\000l\000i\000c\000\040\000F\000u\000n\000d\000s}{section.9.10}% 333
\BOOKMARK [2][-]{subsection.9.10.4}{\376\377\000M\000e\000a\000s\000u\000r\000e\000s\000\040\000f\000o\000r\000\040\000B\000e\000t\000t\000e\000r\000\040\000U\000t\000i\000l\000i\000z\000a\000t\000i\000o\000n}{section.9.10}% 334
